索引条数 = 458

==========================================================================================
Q: 北京北辰实业股份有限公司的董事会由几名董事组成？其中独立董事几名？
[embed_store] 加载模型 BAAI/bge-small-zh-v1.5（命中本地缓存，不联网）
Loading weights:   0%|          | 0/71 [00:00<?, ?it/s]Loading weights: 100%|██████████| 71/71 [00:00<00:00, 1042.59it/s]
refused = True   原因 = 模型判定资料不足以回答
--- 模型回答 ---
知识库中未找到相关信息。
--- 检索到的 3 个块 ---
  [1] 601588_北辰实业_公司章程.pdf  chunk=1  cos=0.6723
      （简称“本公司”或“公司”）根据《中华人民共和国公司法》 （以下简称《公司法》）、《中华人民共和国证券法》（以下简称《证券法》）和 其他有关规定，制定本章程。 公司经国家经济体制改革委员会体改生【1997】32号文件批准，以发起方式设立， 于1997年4月2日在中华人民共和国北京市工商行政管理局（现北京市市场监督管 理局）注册登记，取得公司营业执照。公司的统一社会信用代码为： 91110000633791930G。 公司的发起人为：北京北辰实业集团有限责任公司。 第二条 公司注册名称： 中文： 北京北辰实业股份有限
  [2] 601588_北辰实业_公司章程.pdf  chunk=0  cos=0.6638
      (待公司 2026 年第二次临时股东会特别决议案批准） 2 北京北辰实业股份有限公司章程 第一章 总则 第二章 经营宗旨和范围 第三章 股份和注册资本 第四章 减资和回购股份 第五章 股票和股东名册 第六章 股东的权利和义务 第七章 股东会 第八章 类别股东表决的特别程序 第九章 党的委员会 第十章 董事会 第十一章 公司董事会秘书 第十二章 公司经理 第十三章 公司董事、经理和其它高级管理人员的资格和义务 第十四章 财务会计制度、利润分配与内部审计 第十五章 会计师事务所的聘任 第十六章 保险 第十七章 劳动管理
  [3] 002705_新宝股份_公司章程.pdf  chunk=84  cos=0.6455
      司及相关方变更或者豁免承诺的方案； （三）被收购上市公司董事会针对收购所作出的决策及采取的措施； （四）法律、行政法规、中国证监会规定和本章程规定的其他事项。 第一百四十二条 公司建立全部由独立董事参加的专门会议机制。董事会 审议关联交易等事项的，由独立董事专门会议事先认可。 公司定期或者不定期召开独立董事专门会议。本章程第一百四十条第一款第 （一）项至第（三）项、第一百四十一条所列事项，应当经独立董事专门会议审 议。 广东新宝电器股份有限公司章程 40 独立董事专门会议可以根据需要研究讨论公司其他事项。 独立董事
--- system_prompt（前 900 字）---
你是一个企业内部知识助手。请根据以下资料回答问题。如果资料中没有相关信息，请说‘知识库中未找到相关信息’。资料：
[1] 来源：601588_北辰实业_公司章程.pdf
（简称“本公司”或“公司”）根据《中华人民共和国公司法》
（以下简称《公司法》）、《中华人民共和国证券法》（以下简称《证券法》）和
其他有关规定，制定本章程。
公司经国家经济体制改革委员会体改生【1997】32号文件批准，以发起方式设立，
于1997年4月2日在中华人民共和国北京市工商行政管理局（现北京市市场监督管
理局）注册登记，取得公司营业执照。公司的统一社会信用代码为：
91110000633791930G。
公司的发起人为：北京北辰实业集团有限责任公司。
第二条 公司注册名称：
中文： 北京北辰实业股份有限公司
英文： BEIJING NORTH STAR COMPANY LIMITED
第三条 公司住所：中华人民共和国北京市朝阳区北辰东路8号
邮政编码： 100101
电话： (010) 6499 1284
图文传真： (010) 6499 1967
第四条 公司的法定代表人是公司董事长。董事长辞任的，视为同时辞去法定代表人。法定
代表人辞任的，公司将在法定代表人辞任之日起三十日内确定新的法定代表人。
第五条 公司为永久存续的股份有限公司。


[2] 来源：601588_北辰实业_公司章程.pdf
(待公司 2026 年第二次临时股东会特别决议案批准）
2
北京北辰实业股份有限公司章程
第一章 总则
第二章 经营宗旨和范围
第三章 股份和注册资本
第四章 减资和回购股份
第五章 股票和股东名册
第六章 股东的权利和义务
第七章 股东会
第八章 类别股东表决的特别程序
第九章 党的委员会
第十章 董事会
第十一章 公司董事会秘书
第十二章 公司经理
第十三章 公司董事、经理和其它高级管理人员的资格和义务
第十四章 财务会计制度、利润分配与内部审计
第十五章 会计师事务所的聘任
第十六章 保险
第十七章 劳动管理
第十八章 工会组织
第十九章 公司的合并与分立
第二十章 公司解散和清算
第二十一

==========================================================================================
Q: 北辰实业的董事任期是几年？届满后可以连任吗？
refused = True   原因 = 模型判定资料不足以回答
--- 模型回答 ---
知识库中未找到相关信息。
--- 检索到的 3 个块 ---
  [1] 002705_新宝股份_公司章程.pdf  chunk=63  cos=0.6632
      代表担任的董事由股东会选举或更换，并可在任期届 满前由股东会解除其职务，董事任期 3 年。董事任期届满，可连选连任。其中， 独立董事连续任期不得超过 6 年。 董事任期从就任之日起计算，至本届董事会任期届满时为止。董事任期届满 未及时改选，在改选出的董事就任前，原董事仍应当依照法律、行政法规、部门 规章和本章程的规定，履行董事职务。 董事可以由高级管理人员兼任，但兼任高级管理人员职务的董事以及由职工 代表担任的董事，总计不得超过公司董事总数的二分之一。 广东新宝电器股份有限公司章程 29 公司设 1 名职工代表担任
  [2] 603341_龙旗科技_公司章程.pdf  chunk=69  cos=0.6515
      离任而免除或者终止。 董事辞任生效或者任期届满后承担忠实义务的期限为 24 个月。 第一百〇七条 如法律无其他规定，则股东有权在股东会上以普通决议，在任何董事 任期届满前将其免任；但此类免任并不影响该董事依据任何合约提出 的损害赔偿申索。 无正当理由，在任期届满前解任董事的，董事可以要求公司予以赔偿。 第一百〇八条 未经本章程规定或者董事会的合法授权，任何董事不得以个人名义代 表公司或者董事会行事。董事以其个人名义行事时，在第三方会合理 地认为该董事在代表公司或者董事会行事的情况下，该董事应当事先 声明其立场和身份
  [3] 603341_龙旗科技_公司章程.pdf  chunk=64  cos=0.6404
      票上市地证券监管规则 规定的其他内容。 违反本条规定选举、委派董事的，该选举、委派或者聘任无效。董事 在任职期间出现本条情形的，公司将解除其职务，停止其履职。 第一百〇一条 董事由股东会选举或者更换，并可在任期届满前由股东会解除其职务。 董事任期三年，任期届满可连选连任。公司股票上市地相关证券监管 规则对董事连选连任有特殊规定的，从其规定。 公司设 1 名职工代表董事。职工代表董事由职工代表大会选举或者更 换，无需提交股东会审议，并可在任期届满前由职工代表大会解除其 职务。职工代表董事任期与本届董事会任期相同，任期
--- system_prompt（前 900 字）---
你是一个企业内部知识助手。请根据以下资料回答问题。如果资料中没有相关信息，请说‘知识库中未找到相关信息’。资料：
[1] 来源：002705_新宝股份_公司章程.pdf
代表担任的董事由股东会选举或更换，并可在任期届
满前由股东会解除其职务，董事任期 3 年。董事任期届满，可连选连任。其中，
独立董事连续任期不得超过 6 年。
董事任期从就任之日起计算，至本届董事会任期届满时为止。董事任期届满
未及时改选，在改选出的董事就任前，原董事仍应当依照法律、行政法规、部门
规章和本章程的规定，履行董事职务。
董事可以由高级管理人员兼任，但兼任高级管理人员职务的董事以及由职工
代表担任的董事，总计不得超过公司董事总数的二分之一。
广东新宝电器股份有限公司章程
29
公司设 1 名职工代表担任的董事，董事会中的职工代表由公司职工通过职工
代表大会、职工大会或者其他形式民主选举产生和罢免，无需提交股东会审议。
第一百〇四条 董事应当遵守法律、行政法规和本章程的规定，对公司负
有下列忠实义务，应当采取措施避免自身利益与公司利益冲突，不得利用职权牟
取不正当利益。
董事对公司负有下列忠实义务：
（一）不得侵占公司财产、挪用公司资金；
（二）不得将公司资金以其个人名义或者其他个人名义开立账户存储；
（三）不得利用职权贿赂或者收受其他非法收入；


[2] 来源：603341_龙旗科技_公司章程.pdf
离任而免除或者终止。
董事辞任生效或者任期届满后承担忠实义务的期限为 24 个月。
第一百〇七条 如法律无其他规定，则股东有权在股东会上以普通决议，在任何董事
任期届满前将其免任；但此类免任并不影响该董事依据任何合约提出
的损害赔偿申索。
无正当理由，在任期届满前解任董事的，董事可以要求公司予以赔偿。
第一百〇八条 未经本章程规定或者董事会的合法授权，任何董事不得以个人名义代
表公司或者董事会行事。董事以其个人名义行事时，在第三方会合理
地认为该董事在代表公司或者董事会行事的情况下，该董事应当事先
声明其立场和身份。
第一百〇九条 董事执行公司职务，给他人造成损害的，公司将承担赔偿责任；董事

