索引条数 = 458

==========================================================================================
Q: 北京北辰实业股份有限公司的董事会由几名董事组成？其中独立董事几名？
[embed_store] 加载模型 BAAI/bge-small-zh-v1.5（命中本地缓存，不联网）
Loading weights:   0%|          | 0/71 [00:00<?, ?it/s]Loading weights: 100%|██████████| 71/71 [00:00<00:00, 1162.70it/s]
refused = False   原因 = 
--- 模型回答 ---
根据《601588_北辰实业_公司章程.pdf》，公司共有独立董事3人。但知识库中未找到关于董事会董事总人数的相关信息。
--- 检索到的 3 个块 ---
  [1] 601588_北辰实业_公司章程.pdf  chunk=54  cos=0.7438
      《601588_北辰实业_公司章程.pdf》 选人数超出应选 董事人数，则视为该等候选人未中选）。 第二节 独立董事 第一百二十条 公司建立独立董事制度，公司共有独立董事3人。独立董事是指不在公司担任除董 事外的其他职务，并与公司及其主要股东、实际控制人不存在直接或者间接利害 关系，或者其他可能影响其进行独立客观判断关系的董事。 第一百二十一条 担任公司独立董事应当符合下列条件： （一）根据法律、行政法规及其他有关规定，具备担任上市公司董事的资格； （二）具备法律、法规、规章、上市规则、本章程及本公司《独立董事工作
  [2] 601588_北辰实业_公司章程.pdf  chunk=48  cos=0.7143
      《601588_北辰实业_公司章程.pdf》 行董事职责。 有关提名董事候选人的意图以及候选人表明愿意接受提名的书面通知，应当容许 公司有足够时间按照中国法律法规以及公司上市地法律法规发出合理通知予股东。 第一百一十条 第一届董事会董事（执行董事和非执行董事）候选人由发起人提名，并由公司创立 会议选举产生，每届获选董事的人数不能少于第一百〇八条的规定，也不能超过 由股东会以普通决议的方式确定的董事最高人数； 表决通过的董事人数超过拟定 的董事最高人数限额时，依次以得票较高者按拟定的董事最高人数确定获选董事。 股东会
  [3] 601588_北辰实业_公司章程.pdf  chunk=53  cos=0.7087
      《601588_北辰实业_公司章程.pdf》 董事人数相同的 全部表决权，或对某几位董事候选人分别投给其持有的每一股份所代表的 与应选董事人数相同的部分表决权。但股东累计投出的票数不得超过所享 有的总票数。 （五） 股东对某一个或某几个董事候选人集中行使的表决权总数，多于其持有的 全部股份拥有的表决权时，股东投票无效，视为放弃表决权；股东对某一 个或某几个董事候选人集中行使的表决权总数，少于其持有的全部股份拥 有的表决权时，股东投票有效，差额部分视为放弃表决权。 （六） 董事候选人所获得的票数超过出席股东会所代表有
--- system_prompt（前 900 字）---
你是一个企业内部知识助手。请根据以下资料回答问题。如果资料中没有相关信息，请说‘知识库中未找到相关信息’。资料：
[1] 来源：601588_北辰实业_公司章程.pdf
《601588_北辰实业_公司章程.pdf》
选人数超出应选
董事人数，则视为该等候选人未中选）。
第二节 独立董事
第一百二十条 公司建立独立董事制度，公司共有独立董事3人。独立董事是指不在公司担任除董
事外的其他职务，并与公司及其主要股东、实际控制人不存在直接或者间接利害
关系，或者其他可能影响其进行独立客观判断关系的董事。
第一百二十一条 担任公司独立董事应当符合下列条件：
（一）根据法律、行政法规及其他有关规定，具备担任上市公司董事的资格；
（二）具备法律、法规、规章、上市规则、本章程及本公司《独立董事工作制度》
规定的独立性要求；
（三）具备上市公司运作的基本知识，熟悉相关法律法规和规则；
（四）具有五年以上履行独立董事职责所必需的法律、会计、经济等工作经验；
（五）具有良好的个人品德，不存在重大失信等不良记录；
（六）法律、行政法规、中国证监会规定、证券交易所业务规则和本章程规定的其
它条件。
第一百二十二条 独立董事行使下列特别职权：
（一）独立聘请中介机构，对公司具体事项进行审计、咨询或者核查；
（二）向董事会提请召开临时股东会；
（三）提议召开董事会会议；
（四）依法公开向股东征集股东权利；


[2] 来源：601588_北辰实业_公司章程.pdf
《601588_北辰实业_公司章程.pdf》
行董事职责。
有关提名董事候选人的意图以及候选人表明愿意接受提名的书面通知，应当容许
公司有足够时间按照中国法律法规以及公司上市地法律法规发出合理通知予股东。
第一百一十条 第一届董事会董事（执行董事和非执行董事）候选人由发起人提名，并由公司创立
会议选举产生，每届获选董事的人数不能少于第一百〇八条的规定，也不能超过
由股东会以普通决议的方式确定的董事最高人数； 表决通过的董事人数超过拟定
的董事最高人数限额时，依次以得票较高者按拟定的董事最高人数确定获选董事。
股东会在遵守有关法律、行政法规

==========================================================================================
Q: 北辰实业的董事任期是几年？届满后可以连任吗？
refused = False   原因 = 
--- 模型回答 ---
根据北辰实业公司章程，董事由股东会选举产生，任期三年。董事任期届满，可以连选连任。
--- 检索到的 3 个块 ---
  [1] 601588_北辰实业_公司章程.pdf  chunk=68  cos=0.6962
      《601588_北辰实业_公司章程.pdf》 解聘。 经理任期三年，可连聘连任。 经理可以在任期届满以前提出辞职。 在公司控股股东单位担任除董事、监事以外其他行政职务的人员，不得担任公司 的高级管理人员。 公司高级管理人员仅在公司领薪，不由控股股东代发薪酬。 第一百五十一条 经理对董事会负责，行使下列职权： （一）主持公司的生产经营管理工作，组织实施董事会决议，并向董事会报告工 作； （二）组织实施公司年度经营计划和投融资方案； （三）拟订公司内部管理机构设置方案； （四）拟订公司的基本管理制度； （五）制定公司的
  [2] 601588_北辰实业_公司章程.pdf  chunk=48  cos=0.6680
      《601588_北辰实业_公司章程.pdf》 行董事职责。 有关提名董事候选人的意图以及候选人表明愿意接受提名的书面通知，应当容许 公司有足够时间按照中国法律法规以及公司上市地法律法规发出合理通知予股东。 第一百一十条 第一届董事会董事（执行董事和非执行董事）候选人由发起人提名，并由公司创立 会议选举产生，每届获选董事的人数不能少于第一百〇八条的规定，也不能超过 由股东会以普通决议的方式确定的董事最高人数； 表决通过的董事人数超过拟定 的董事最高人数限额时，依次以得票较高者按拟定的董事最高人数确定获选董事。 股东会
  [3] 601588_北辰实业_公司章程.pdf  chunk=47  cos=0.6576
      《601588_北辰实业_公司章程.pdf》 持公司纪委依照《党章》履行 党内监督专责机关相应职责；加强基层党组织建设和党员队伍建设，团结 带领职工群众积极投身公司改革发展；领导公司思想政治工作、意识形态 工作、国家安全人民防线建设、保密工作、精神文明建设、统一战线工作、 企业文化建设，领导公司工会、共青团、妇女组织等群团组织。 （五） 履行公司全面从严治党主体责任，加强新时代廉洁文化建设，将廉洁文化 融入企业治理，推动管党治党责任向基层延伸。 第十章 董事会 29 第一节 董事 第一百〇八条 公司设董事会，董事会
--- system_prompt（前 900 字）---
你是一个企业内部知识助手。请根据以下资料回答问题。如果资料中没有相关信息，请说‘知识库中未找到相关信息’。资料：
[1] 来源：601588_北辰实业_公司章程.pdf
《601588_北辰实业_公司章程.pdf》
解聘。
经理任期三年，可连聘连任。
经理可以在任期届满以前提出辞职。
在公司控股股东单位担任除董事、监事以外其他行政职务的人员，不得担任公司
的高级管理人员。
公司高级管理人员仅在公司领薪，不由控股股东代发薪酬。
第一百五十一条 经理对董事会负责，行使下列职权：
（一）主持公司的生产经营管理工作，组织实施董事会决议，并向董事会报告工
作；
（二）组织实施公司年度经营计划和投融资方案；
（三）拟订公司内部管理机构设置方案；
（四）拟订公司的基本管理制度；
（五）制定公司的基本规章；
（六）提请董事会聘任或者解聘公司其他高级管理人员（董事会秘书除外）；
（七）决定聘任或者解聘除应由董事会决定聘任或者解聘以外的管理人员；
（八）提议召开董事会临时会议；
（九）公司章程和董事会授予的其它职权。
41
第一百五十二条 非董事经理有权列席董事会会议并有权收到会议通知和有关文件；非董事经理在
董事会会议上没有表决权。
第一百五十三条 经理在行使职权时，不得变更股东会和董事会的决议或超越授权范围。
第一百五十四条 经理应当根据董事会或者审计委员会的要求，向董事会或者审计委员会报告公司


[2] 来源：601588_北辰实业_公司章程.pdf
《601588_北辰实业_公司章程.pdf》
行董事职责。
有关提名董事候选人的意图以及候选人表明愿意接受提名的书面通知，应当容许
公司有足够时间按照中国法律法规以及公司上市地法律法规发出合理通知予股东。
第一百一十条 第一届董事会董事（执行董事和非执行董事）候选人由发起人提名，并由公司创立
会议选举产生，每届获选董事的人数不能少于第一百〇八条的规定，也不能超过
由股东会以普通决议的方式确定的董事最高人数； 表决通过的董事人数超过拟定
的董事最高人数限额时，依次以得票较高者按拟定的董事最高人数确定获选董事。
股东会在遵守有关法律、行政

