==================================================================================================
【0】数据结构
  总块数 = 458   （读取耗时 57.8s —— 未加载 embedding 模型）
  第一项 keys     = ['id', 'content', 'metadata']
  第一项 metadata = {'source': '301172_君逸数码_信息披露管理制度.pdf', 'file_sha1': 'ff77872c79ee268a408d68a4c0b8ed6c6887f9bc', 'ingested_at': '2026-09-20 19:20:08', 'chunk_index': 2}

==================================================================================================
【1】块边界 vs 条款边界
  文件（来源）                                      块数     条款块      块首对齐      块尾未完      每块条款
  ----------------------------------------------------------------------------------------
  002705_新宝股份_公司章程.pdf                       114      91      9.9%     78.0%      2.44
  300604_长川科技_信息披露管理制度.pdf                    27      26     19.2%     76.9%      3.07
  300755_华致酒行_内部控制制度.pdf                      19      18      5.6%     72.2%      2.74
  301172_君逸数码_信息披露管理制度.pdf                    50      43     16.3%     74.4%      2.40
  601588_北辰实业_公司章程.pdf                        99      90     13.3%     77.8%      2.94
  603341_龙旗科技_公司章程.pdf                       123     101      9.9%     82.2%      2.21
  603979_金诚信_内部控制管理制度.pdf                     23      22     13.6%     95.5%      3.39
  demo_api_notes.txt                           1       0      0.0%      0.0%      0.00
  demo_ops_manual.md                           2       0      0.0%      0.0%      0.00
  ----------------------------------------------------------------------------------------
  【合计】                                       458     391     12.0%     79.3%      2.56

  块首对齐 = 块是从条款开头切的（否则是从条款中段切进来的）
  块尾未完 = 最后一个条款标记后还有 40+ 字 —— 该条款很可能被推到下一块

==================================================================================================
【2】每条题的答案散落在几个块里（用 ground_truth 的字面要点定位）
  id    type      要点    命中块     跨档   题面
  ----------------------------------------------------------------------------------------------
  q01   事实         5      1      1   北京北辰实业股份有限公司的董事会由几名董事组成？其中独立董事几名？
  q02   事实         1      1      1   北辰实业的董事任期是几年？届满后可以连任吗？
  q03   事实         5      1      1   北辰实业公司章程对党组织设置和党委书记任职是怎么规定的？
  q04   事实         4      2      1   上海龙旗科技股份有限公司的董事会由几名董事组成？构成是怎样的？
  q05   事实         7      4      2   广东新宝电器股份有限公司的董事会和审计委员会分别由多少人组成？
  q06   对比         3      8      3   北辰实业、新宝股份、龙旗科技三家公司章程里写的注册资本分别是多少？
  q07   转述         3      4      3   如果一家公司的法定代表人辞职了，公司最迟要在多久之内确定新的法定代表人？
  q08   事实         7      1      1   华致酒行的内部控制制度中，内部控制的目标包括哪几项？
  q09   事实         1      0      0   华致酒行规定，公司建立与实施有效的内部控制包括哪些基本要素？
  q10   事实         2      1      1   金诚信的内部控制管理制度规定，公司内部控制制度包括哪些基本要素？
  q11   对比         3      1      1   华致酒行和金诚信两家在各自的制度里，内部控制的基本要素分别有几项？
  q12   事实         4      1      1   金诚信的内部控制管理制度对内部控制检查工作资料的保存期限是怎么规定的？
  q13   多跳         1      1      1   金诚信规定，内部控制检查工作报告多久要提交一次，由哪个机构提交给谁？
  q14   事实         2      8      4   华致酒行的年度内部控制评价报告要经过什么程序才能提交董事会审议？
  q15   事实         7      2      1   华致酒行在反舞弊和举报方面要求建立哪些制度？
  q16   事实         2      1      1   金诚信对委托理财的审批权限有什么特别限制？
  q17   事实         4      4      2   长川科技的A股年度报告、中期报告、季度报告分别要在什么期限内编制完成并披露？
  q18   事实         7      3      2   长川科技规定，公司预计年度经营业绩或者财务状况出现哪些情形时应当进行业绩预告？
  q19   事实         2      2      1   君逸数码的信息披露文件及公告需要保存多久？
  q20   事实         6     23      3   君逸数码对自愿性信息披露设置了什么金额门槛？
  q21   事实         3      4      3   君逸数码规定，暂缓披露的信息应当符合哪些条件？
  q22   流程         8      1      1   君逸数码的暂缓、豁免披露要经过怎样的内部审核流程？
  q23   事实         3      1      1   长川科技规定，谁是信息披露工作的第一责任人，谁是主要责任人？
  q24   事实         2      1      1   长川科技的信息披露事务管理部门是哪个部门？
  q25   转述         3      3      2   如果公司的一个主要债务人已经资不抵债、进入破产程序，而公司没有为这笔债权提取足够
  q26   转述         5      3      2   如果一家上市公司的董事长因为生病连续三个月没法正常工作，这件事要不要披露？
  q27   转述         3      3      2   上市公司的半年度报告一般不需要审计，什么情况下就必须审计？

