源集合 docmind 块数 = 458

正在建临时集合 A（原文块）...
[embed_store] 加载模型 BAAI/bge-small-zh-v1.5（命中本地缓存，不联网）
Loading weights:   0%|          | 0/71 [00:00<?, ?it/s]Loading weights: 100%|██████████| 71/71 [00:00<00:00, 1059.30it/s]
正在建临时集合 B（加文件名前缀）...

##########################################################################################
## 对照组 A：现状（块内没有公司名）
##########################################################################################
  q01 北辰董事会（用全名）               未命中 ❌
     [1] 601588_北辰实业_公司章程.pdf                       cos=0.6723    （简称“本公司”或“公司”）根据《中华人民共和国公司法》 （以下简称《公司法》）、《中华人民共和国证券法》（以下简称《证券法》）和 其他有关
     [2] 601588_北辰实业_公司章程.pdf                       cos=0.6638    (待公司 2026 年第二次临时股东会特别决议案批准） 2 北京北辰实业股份有限公司章程 第一章 总则 第二章 经营宗旨和范围 第三章 股份
     [3] 002705_新宝股份_公司章程.pdf                       cos=0.6455    司及相关方变更或者豁免承诺的方案； （三）被收购上市公司董事会针对收购所作出的决策及采取的措施； （四）法律、行政法规、中国证监会规定和本章
  q01b 北辰董事会（用简称）              未命中 ❌
     [1] 601588_北辰实业_公司章程.pdf                       cos=0.6030    (待公司 2026 年第二次临时股东会特别决议案批准） 2 北京北辰实业股份有限公司章程 第一章 总则 第二章 经营宗旨和范围 第三章 股份
     [2] 601588_北辰实业_公司章程.pdf                       cos=0.5921    （简称“本公司”或“公司”）根据《中华人民共和国公司法》 （以下简称《公司法》）、《中华人民共和国证券法》（以下简称《证券法》）和 其他有关
     [3] 601588_北辰实业_公司章程.pdf                       cos=0.5826    席董事会的董事（代理人）姓名；（三） 会议 38 议程；（四） 董事发言要点；（五） 每一决议事项的表决方式和结果（表决结果 应载明赞成、反
  q02 北辰董事任期                   未命中 ❌
     [1] 002705_新宝股份_公司章程.pdf                       cos=0.6632    代表担任的董事由股东会选举或更换，并可在任期届 满前由股东会解除其职务，董事任期 3 年。董事任期届满，可连选连任。其中， 独立董事连续任期
     [2] 603341_龙旗科技_公司章程.pdf                       cos=0.6515    离任而免除或者终止。 董事辞任生效或者任期届满后承担忠实义务的期限为 24 个月。 第一百〇七条 如法律无其他规定，则股东有权在股东会上以普
     [3] 603341_龙旗科技_公司章程.pdf                       cos=0.6404    票上市地证券监管规则 规定的其他内容。 违反本条规定选举、委派董事的，该选举、委派或者聘任无效。董事 在任职期间出现本条情形的，公司将解除其
  q04 龙旗董事会                    命中 ✅
     [1] 603341_龙旗科技_公司章程.pdf                       cos=0.7119 ✅ 由 7 名董事组成，其中独立董事 3 名、职工代 表董事 1 名。董事会设董事长 1 名，可以设副董事长。董事长和副董 事长由董事会以全体董
     [2] 603341_龙旗科技_公司章程.pdf                       cos=0.6977    提供同等条件财务资助的情形除外。公司向前述规定的关联参股 上海龙旗科技股份有限公司 章程 40 公司提供财务资助的，除应当经全体非关联董事的
     [3] 603341_龙旗科技_公司章程.pdf                       cos=0.6930    或者解聘公司总经理、董事会秘书及其他高级管理人 员，并决定其报酬事项和奖惩事项；根据总经理的提名，决定 聘任或者解聘公司副总经理、财务负责人
  q12 金诚信资料保存                  未命中 ❌
     [1] 603979_金诚信_内部控制管理制度.pdf                    cos=0.7080    和不定期的检查。 董事会及 经营管理层应通过内控制度的检查监督， 发现内控制度是否存在缺陷和实施中是 否存在问题，并及时予以改进，确保内控制
     [2] 300755_华致酒行_内部控制制度.pdf                     cos=0.7041    改情况；  （六）对本年度内部控制缺陷拟采取的整改措施；  （七）内部控制有效性的结论。  第三十九条 公司应以书面或者其他适当形式，妥善保
     [3] 300755_华致酒行_内部控制制度.pdf                     cos=0.6773    处理程序、 办理时限和办结要求， 确保举报、 投诉成为公司有效掌握信息的重 要途径。举报投诉制度和举报人保护制度应当及时传达至全体员工。  
  q19 君逸文件保存                   未命中 ❌
     [1] 301172_君逸数码_信息披露管理制度.pdf                   cos=0.6973    四川君逸数码科技股份有限公司 信息披露管理制度 第一章 总 则 第一条 为进一步规范四川君逸数码科技股份有限公司（以下简称“公司”）及 其他
     [2] 301172_君逸数码_信息披露管理制度.pdf                   cos=0.6411    法规、部门规 章和《公司章程》的规定为准。 第九十八条 本制度由公司董事会负责解释与修订。 四川君逸数码科技股份有限公司董事会 2026 年
     [3] 301172_君逸数码_信息披露管理制度.pdf                   cos=0.6315    度报告 是□ 否□ 三季度报告 是□ 否□ 临时报告 是□ 否□ （三）豁免披露信息的 类型 重大交易 是□ 否□ 日常交易 是□ 否□ 关
  ==> 命中 1 / 6

##########################################################################################
## 实验组 B：每块前缀《来源文件名》
##########################################################################################
  q01 北辰董事会（用全名）               未命中 ❌
     [1] 601588_北辰实业_公司章程.pdf                       cos=0.7438    《601588_北辰实业_公司章程.pdf》 选人数超出应选 董事人数，则视为该等候选人未中选）。 第二节 独立董事 第一百二十条 公司建立
     [2] 601588_北辰实业_公司章程.pdf                       cos=0.7144    《601588_北辰实业_公司章程.pdf》 行董事职责。 有关提名董事候选人的意图以及候选人表明愿意接受提名的书面通知，应当容许 公司有足
     [3] 601588_北辰实业_公司章程.pdf                       cos=0.7087    《601588_北辰实业_公司章程.pdf》 董事人数相同的 全部表决权，或对某几位董事候选人分别投给其持有的每一股份所代表的 与应选董事人
  q01b 北辰董事会（用简称）              命中 ✅
     [1] 601588_北辰实业_公司章程.pdf                       cos=0.6867    《601588_北辰实业_公司章程.pdf》 席董事会的董事（代理人）姓名；（三） 会议 38 议程；（四） 董事发言要点；（五） 每一决议
     [2] 601588_北辰实业_公司章程.pdf                       cos=0.6848    《601588_北辰实业_公司章程.pdf》 进行并作出决议，并由与会董事签字，所有与会董事应被视作已亲自出席会议。 第一百三十四条 董事会
     [3] 601588_北辰实业_公司章程.pdf                       cos=0.6812 ✅ 《601588_北辰实业_公司章程.pdf》 持公司纪委依照《党章》履行 党内监督专责机关相应职责；加强基层党组织建设和党员队伍建设，团结 
  q02 北辰董事任期                   命中 ✅
     [1] 601588_北辰实业_公司章程.pdf                       cos=0.6962 ✅ 《601588_北辰实业_公司章程.pdf》 解聘。 经理任期三年，可连聘连任。 经理可以在任期届满以前提出辞职。 在公司控股股东单位担任除
     [2] 601588_北辰实业_公司章程.pdf                       cos=0.6680 ✅ 《601588_北辰实业_公司章程.pdf》 行董事职责。 有关提名董事候选人的意图以及候选人表明愿意接受提名的书面通知，应当容许 公司有足
     [3] 601588_北辰实业_公司章程.pdf                       cos=0.6576 ✅ 《601588_北辰实业_公司章程.pdf》 持公司纪委依照《党章》履行 党内监督专责机关相应职责；加强基层党组织建设和党员队伍建设，团结 
  q04 龙旗董事会                    命中 ✅
     [1] 603341_龙旗科技_公司章程.pdf                       cos=0.7580 ✅ 《603341_龙旗科技_公司章程.pdf》 由 7 名董事组成，其中独立董事 3 名、职工代 表董事 1 名。董事会设董事长 1 名，可以
     [2] 603341_龙旗科技_公司章程.pdf                       cos=0.7242    《603341_龙旗科技_公司章程.pdf》 提供同等条件财务资助的情形除外。公司向前述规定的关联参股 上海龙旗科技股份有限公司 章程 40
     [3] 603341_龙旗科技_公司章程.pdf                       cos=0.7211    《603341_龙旗科技_公司章程.pdf》 前，会议登记应当终止。 第七十一条 股东会要求董事、高级管理人员列席会议的，董事、高级管理人员
  q12 金诚信资料保存                  命中 ✅
     [1] 603979_金诚信_内部控制管理制度.pdf                    cos=0.7778    《603979_金诚信_内部控制管理制度.pdf》 和不定期的检查。 董事会及 经营管理层应通过内控制度的检查监督， 发现内控制度是否存在缺
     [2] 603979_金诚信_内部控制管理制度.pdf                    cos=0.7484 ✅ 《603979_金诚信_内部控制管理制度.pdf》 年向董事 会提交一次检查工作报告。   第六十四条 公司董事会审计与风险管理委员会对内部
     [3] 603979_金诚信_内部控制管理制度.pdf                    cos=0.7430    《603979_金诚信_内部控制管理制度.pdf》         （一） 信息处理部门的功能及职责划分。    （二） 系统开发及程序修改
  q19 君逸文件保存                   未命中 ❌
     [1] 301172_君逸数码_信息披露管理制度.pdf                   cos=0.7292    《301172_君逸数码_信息披露管理制度.pdf》 等方式对外发布应披露的信息，但公司应当于下 一交易时段开始前披露相关公告。 第四条 公
     [2] 301172_君逸数码_信息披露管理制度.pdf                   cos=0.7261    《301172_君逸数码_信息披露管理制度.pdf》 四川君逸数码科技股份有限公司 信息披露管理制度 第一章 总 则 第一条 为进一步规范四
     [3] 301172_君逸数码_信息披露管理制度.pdf                   cos=0.7235    《301172_君逸数码_信息披露管理制度.pdf》 他知情人员有 责任确保将该信息的知情者控制在最小范围内，并声明保密责任。在内幕信息依法
  ==> 命中 4 / 6

==========================================================================================
结论：现状 1/6  →  加前缀 4/6
==========================================================================================
已删除临时集合 tmp_probe_plain
已删除临时集合 tmp_probe_prefixed
