待入库文件 9 个 | CHUNK_SIZE=500 OVERLAP=80
版本 1.3

[1/3] reset_index() ...
      done  46.8s
[2/3] 逐文件 切分 + 向量化
[embed_store] 加载模型 BAAI/bge-small-zh-v1.5（命中本地缓存，不联网）
Loading weights:   0%|          | 0/71 [00:00<?, ?it/s]Loading weights: 100%|██████████| 71/71 [00:00<00:00, 1230.40it/s]
      002705_新宝股份_公司章程.pdf                            114 块    32.4s  字数 min/avg/max = 158/478/500
      300604_长川科技_信息披露管理制度.pdf                         27 块     7.7s  字数 min/avg/max = 314/476/499
      300755_华致酒行_内部控制制度.pdf                           19 块     5.0s  字数 min/avg/max = 246/474/500
      301172_君逸数码_信息披露管理制度.pdf                         50 块    14.7s  字数 min/avg/max = 321/481/500
      601588_北辰实业_公司章程.pdf                             99 块    27.2s  字数 min/avg/max = 136/481/500
      603341_龙旗科技_公司章程.pdf                            123 块    33.2s  字数 min/avg/max = 124/477/500
      603979_金诚信_内部控制管理制度.pdf                          23 块     6.0s  字数 min/avg/max = 316/480/500
      demo_api_notes.txt                                1 块     0.6s  字数 min/avg/max = 194/194/194
      demo_ops_manual.md                                2 块     0.8s  字数 min/avg/max = 275/340/406

[3/3] 写 manifest ...

==============================================================================
入库完成：9 个文件，458 块，218856 字（约 21.9 万字），总耗时 174.3s
collection 实际条数 = 458
==============================================================================
