================================================================================================
阶段一：TOP_K 召回上限扫描（不调大模型，零成本）
================================================================================================
  语料      458 块
  评测集    30 条（正例 27，负例 3 不参与）
  候选深度  K_MAX = 20
------------------------------------------------------------------------------------------------
  BM25 就绪：{'docs': 458, 'terms': 4767, 'avg_len': 207.4, 'k1': 1.5, 'b': 0.75}　预热 3.4s
------------------------------------------------------------------------------------------------
  可达性检查：参考答案的要点能否在语料里找到
  id      要点数   不可达   被剔掉的要点（语料里找不到 = 出题时加了原文没有的字）
  ------------------------------------------------------------------------------------------
  q01       2     0   
  q02       2     0   
  q03       3     0   
  q04       2     1   董事会设董事长1名，可以设副董事长
  q05       3     1   董事会由9名董事组成，设董事长1人、副董事长1人
  q06       3     2   新宝股份注册资本为人民币81,187.5780万元；龙旗科技注册资本为人民币52,220.2644万元
  q07       2     1   三家公司章程均有此条（龙旗科技章程写作「30日」，北
  q08       6     1   共五项：
  q09       1     1   包括五个基本要素：内部环境、风险评估、控制活动、信息
  q10       1     1   包括八项基本要素：目标设定、内部环境、风险确认、风险
  q11       2     2   华致酒行的《内部控制制度》规定为五项：内部环境、风险；金诚信的《内部控制管理制度》规定为八项：目标设定、内
  q12       1     1   内控检查工作资料，包括检查工作报告、工作底稿及相关资
  q13       1     0   
  q14       1     0   
  q15       2     0   
  q16       1     0   
  q17       3     0   
  q18       7     1   六种情形：
  q19       2     0   
  q20       2     0   
  q21       4     1   三个条件：
  q22       4     0   
  q23       1     0   
  q24       1     0   
  q25       3     2   需要公告；长川科技与君逸数码的信披制度均列明了该情形
  q26       4     1   属于重大事件：「董事或者经理发生变动
  q27       3     2   有下列情形之一的必须审计：；中国证监会或证券交易所认为应当进行审计的其他情形
  ------------------------------------------------------------------------------------------
  合计 67 个要点，其中 18 个（27%）语料里不存在，已剔出分母
  ⇒ 这 27% 就是参考答案相对语料的「不忠实度」。ragas 的 context_recall 拿同一份 reference 打分，也会被这部分拉低。

[embed_store] 加载模型 BAAI/bge-small-zh-v1.5（命中本地缓存，不联网）
Loading weights:   0%|          | 0/71 [00:00<?, ?it/s]Loading weights: 100%|██████████| 71/71 [00:00<00:00, 858.87it/s]
  [1/27] q01 [事实] rrf=59ms
  [2/27] q02 [事实] rrf=72ms
  [3/27] q03 [事实] rrf=60ms
  [4/27] q04 [事实] rrf=57ms
  [5/27] q05 [事实] rrf=52ms
  [6/27] q06 [对比] rrf=53ms
  [7/27] q07 [转述] rrf=98ms
  [8/27] q08 [事实] rrf=60ms
  [9/27] q09 [事实] rrf=58ms
  [10/27] q10 [事实] rrf=72ms
  [11/27] q11 [对比] rrf=62ms
  [12/27] q12 [事实] rrf=59ms
  [13/27] q13 [多跳] rrf=51ms
  [14/27] q14 [事实] rrf=56ms
  [15/27] q15 [事实] rrf=52ms
  [16/27] q16 [事实] rrf=48ms
  [17/27] q17 [事实] rrf=62ms
  [18/27] q18 [事实] rrf=68ms
  [19/27] q19 [事实] rrf=73ms
  [20/27] q20 [事实] rrf=53ms
  [21/27] q21 [事实] rrf=59ms
  [22/27] q22 [流程] rrf=51ms
  [23/27] q23 [事实] rrf=61ms
  [24/27] q24 [事实] rrf=53ms
  [25/27] q25 [转述] rrf=78ms
  [26/27] q26 [转述] rrf=57ms
  [27/27] q27 [转述] rrf=81ms
------------------------------------------------------------------------------------------------
  检索完成，总用时 7.2s

================================================================================================
逐条明细（★ = 期望文档的块；序号 = 融合名次）
================================================================================================
  q01 [事实] 期望=北辰实业　要点 2 个
      1★北辰 2★北辰 3★北辰 4★北辰 5★北辰 6★北辰 7★北辰 8★北辰 9★北辰 10★北辰 11★北辰 12·新宝 13★北辰 14·龙旗 15★北辰 16★北辰 17·龙旗 18★北辰 19★北辰 20·龙旗
  q02 [事实] 期望=北辰实业　要点 2 个
      1★北辰 2★北辰 3★北辰 4★北辰 5★北辰 6★北辰 7·龙旗 8·龙旗 9★北辰 10★北辰 11★北辰 12★北辰 13·龙旗 14★北辰 15★北辰 16·新宝 17★北辰 18·新宝 19·新宝 20★北辰
  q03 [事实] 期望=北辰实业　要点 3 个
      1★北辰 2★北辰 3★北辰 4★北辰 5★北辰 6★北辰 7★北辰 8★北辰 9★北辰 10·新宝 11·龙旗 12★北辰 13★北辰 14·龙旗 15★北辰 16·新宝 17★北辰 18★北辰 19★北辰 20·新宝
  q04 [事实] 期望=龙旗科技　要点 1 个
      1★龙旗 2★龙旗 3★龙旗 4★龙旗 5★龙旗 6★龙旗 7★龙旗 8★龙旗 9★龙旗 10★龙旗 11★龙旗 12★龙旗 13★龙旗 14★龙旗 15★龙旗 16★龙旗 17★龙旗 18★龙旗 19★龙旗 20★龙旗
  q05 [事实] 期望=　要点 2 个
      1★新宝 2★新宝 3★新宝 4★新宝 5★新宝 6★新宝 7★新宝 8★新宝 9★新宝 10★新宝 11★新宝 12★新宝 13★新宝 14★新宝 15★新宝 16★新宝 17★新宝 18★新宝 19★新宝 20★新宝
  q06 [对比] 期望=北辰实业,新宝股份,龙旗科技　要点 1 个
      1★北辰 2★北辰 3★龙旗 4★新宝 5★龙旗 6★龙旗 7★龙旗 8★龙旗 9★龙旗 10★北辰 11★新宝 12★北辰 13★北辰 14★北辰 15★北辰 16★龙旗 17★北辰 18★北辰 19★新宝 20★北辰
  q07 [转述] 期望=北辰实业,新宝股份,龙旗科技　要点 1 个
      1★北辰 2★北辰 3★龙旗 4★新宝 5★新宝 6★新宝 7★龙旗 8★北辰 9★新宝 10★北辰 11★新宝 12★北辰 13·金诚 14★北辰 15★龙旗 16★新宝 17·金诚 18★北辰 19★北辰 20★龙旗
  q08 [事实] 期望=华致酒行　要点 5 个
      1★华致 2★华致 3★华致 4★华致 5★华致 6★华致 7★华致 8★华致 9★华致 10★华致 11★华致 12★华致 13★华致 14★华致 15·金诚 16★华致 17★华致 18★华致 19★华致 20★华致
  q09 [事实] 期望=华致酒行　要点 0 个
      1★华致 2★华致 3★华致 4★华致 5★华致 6★华致 7★华致 8★华致 9★华致 10★华致 11★华致 12★华致 13★华致 14★华致 15★华致 16★华致 17★华致 18·金诚 19★华致 20★华致
  q10 [事实] 期望=金诚信　要点 0 个
      1★金诚 2★金诚 3★金诚 4★金诚 5★金诚 6★金诚 7★金诚 8★金诚 9★金诚 10★金诚 11★金诚 12★金诚 13·华致 14·华致 15★金诚 16★金诚 17★金诚 18★金诚 19·华致 20★金诚
  q11 [对比] 期望=华致酒行,金诚信　要点 0 个
      1★华致 2★华致 3★华致 4★华致 5★华致 6★华致 7★华致 8★华致 9★华致 10★华致 11★华致 12★华致 13★华致 14★金诚 15★华致 16★华致 17★华致 18★金诚 19★华致 20★华致
  q12 [事实] 期望=金诚信　要点 0 个
      1★金诚 2★金诚 3★金诚 4★金诚 5★金诚 6★金诚 7★金诚 8★金诚 9★金诚 10★金诚 11·华致 12★金诚 13★金诚 14★金诚 15★金诚 16★金诚 17·北辰 18★金诚 19★金诚 20★金诚
  q13 [多跳] 期望=金诚信　要点 1 个
      1★金诚 2★金诚 3★金诚 4★金诚 5★金诚 6★金诚 7★金诚 8★金诚 9★金诚 10★金诚 11★金诚 12★金诚 13★金诚 14★金诚 15·北辰 16★金诚 17★金诚 18·新宝 19·华致 20★金诚
  q14 [事实] 期望=华致酒行　要点 1 个
      1★华致 2★华致 3★华致 4★华致 5★华致 6★华致 7★华致 8★华致 9★华致 10·金诚 11★华致 12★华致 13★华致 14★华致 15★华致 16★华致 17·金诚 18★华致 19★华致 20·新宝
  q15 [事实] 期望=华致酒行　要点 2 个
      1★华致 2★华致 3★华致 4★华致 5★华致 6★华致 7★华致 8★华致 9★华致 10★华致 11★华致 12★华致 13★华致 14★华致 15★华致 16★华致 17★华致 18★华致 19★华致 20·君逸
  q16 [事实] 期望=金诚信　要点 1 个
      1★金诚 2★金诚 3★金诚 4★金诚 5★金诚 6★金诚 7★金诚 8★金诚 9★金诚 10★金诚 11★金诚 12★金诚 13·龙旗 14·北辰 15★金诚 16★金诚 17·龙旗 18★金诚 19·新宝 20·北辰
  q17 [事实] 期望=长川科技　要点 3 个
      1★长川 2★长川 3★长川 4★长川 5★长川 6★长川 7·君逸 8★长川 9·君逸 10·新宝 11★长川 12·龙旗 13★长川 14★长川 15·北辰 16★长川 17·君逸 18★长川 19★长川 20·君逸
  q18 [事实] 期望=长川科技　要点 6 个
      1★长川 2★长川 3★长川 4★长川 5★长川 6★长川 7★长川 8★长川 9·君逸 10★长川 11·君逸 12·君逸 13★长川 14★长川 15·君逸 16★长川 17★长川 18★长川 19★长川 20·君逸
  q19 [事实] 期望=君逸数码　要点 2 个
      1★君逸 2★君逸 3★君逸 4★君逸 5★君逸 6★君逸 7★君逸 8★君逸 9★君逸 10★君逸 11★君逸 12★君逸 13★君逸 14★君逸 15★君逸 16★君逸 17★君逸 18★君逸 19★君逸 20·长川
  q20 [事实] 期望=君逸数码　要点 2 个
      1★君逸 2★君逸 3★君逸 4★君逸 5★君逸 6★君逸 7★君逸 8★君逸 9★君逸 10★君逸 11·长川 12★君逸 13★君逸 14★君逸 15★君逸 16★君逸 17★君逸 18★君逸 19★君逸 20★君逸
  q21 [事实] 期望=君逸数码　要点 3 个
      1★君逸 2★君逸 3★君逸 4★君逸 5★君逸 6★君逸 7★君逸 8★君逸 9★君逸 10★君逸 11★君逸 12★君逸 13★君逸 14★君逸 15★君逸 16★君逸 17★君逸 18★君逸 19★君逸 20★君逸
  q22 [流程] 期望=君逸数码　要点 4 个
      1★君逸 2★君逸 3★君逸 4★君逸 5★君逸 6★君逸 7★君逸 8★君逸 9★君逸 10★君逸 11★君逸 12★君逸 13★君逸 14★君逸 15★君逸 16★君逸 17★君逸 18★君逸 19★君逸 20★君逸
  q23 [事实] 期望=长川科技　要点 1 个
      1★长川 2★长川 3★长川 4★长川 5★长川 6★长川 7★长川 8★长川 9·君逸 10★长川 11★长川 12·君逸 13★长川 14·君逸 15·君逸 16★长川 17·君逸 18★长川 19·君逸 20★长川
  q24 [事实] 期望=长川科技　要点 1 个
      1★长川 2★长川 3★长川 4★长川 5★长川 6★长川 7★长川 8★长川 9★长川 10·华致 11·君逸 12·君逸 13★长川 14·君逸 15★长川 16·君逸 17★长川 18·君逸 19★长川 20★长川
  q25 [转述] 期望=长川科技,君逸数码　要点 1 个
      1·龙旗 2★君逸 3★君逸 4·北辰 5·北辰 6·龙旗 7·新宝 8★长川 9·北辰 10·新宝 11·北辰 12·北辰 13·北辰 14·北辰 15·龙旗 16·龙旗 17·北辰 18★君逸 19·新宝 20·金诚
  q26 [转述] 期望=长川科技,君逸数码　要点 3 个
      1★长川 2·北辰 3★君逸 4★长川 5★长川 6★长川 7★君逸 8★长川 9·新宝 10★长川 11★君逸 12·新宝 13★长川 14·新宝 15★君逸 16★长川 17·龙旗 18★君逸 19·新宝 20★长川
  q27 [转述] 期望=长川科技,君逸数码　要点 1 个
      1★君逸 2★长川 3★长川 4·北辰 5★君逸 6★君逸 7·北辰 8★长川 9·北辰 10·? 11·龙旗 12★君逸 13·龙旗 14★君逸 15·龙旗 16★长川 17·新宝 18·北辰 19·新宝 20★君逸

================================================================================================
平均要点覆盖率 @K（27 条正例均值，只算语料里可达的要点）
================================================================================================
    K      RRF融合       纯向量     纯BM25        RRF仅期望文档   曲线
  ----------------------------------------------------------------------------------------
    1     0.4259    0.3148    0.5309          0.4259   ██████████████
    2     0.6481    0.4352    0.6790          0.6481   ██████████████████████
    3     0.6852    0.5741    0.6790          0.6852   ███████████████████████
    4     0.6852    0.6111    0.7160          0.6852   ███████████████████████
    5     0.7716    0.6852    0.7160          0.7716   ██████████████████████████
    6     0.7716    0.6852    0.7531          0.7716   ██████████████████████████
    7     0.8086    0.7222    0.7531          0.8086   ███████████████████████████
    8     0.8086    0.7593    0.7716          0.8086   ███████████████████████████
    9     0.8086    0.7716    0.7716          0.8086   ███████████████████████████
   10     0.8086    0.7716    0.7716          0.8086   ███████████████████████████
   11     0.8086    0.7716    0.7716          0.8086   ███████████████████████████
   12     0.8086    0.8086    0.8086          0.8086   ███████████████████████████
   13     0.8086    0.8086    0.8086          0.8086   ███████████████████████████
   14     0.8086    0.8086    0.8086          0.8086   ███████████████████████████
   15     0.8086    0.8086    0.8086          0.8086   ███████████████████████████
   16     0.8210    0.8086    0.8086          0.8210   ███████████████████████████
   17     0.8210    0.8086    0.8086          0.8210   ███████████████████████████
   18     0.8210    0.8086    0.8086          0.8210   ███████████████████████████
   19     0.8210    0.8086    0.8086          0.8210   ███████████████████████████
   20     0.8210    0.8086    0.8086          0.8210   ███████████████████████████

================================================================================================
每条题「要多少块才能答全」（可达要点 100% 覆盖的名次；>20 = 20 块都不够）
================================================================================================
  id    type    RRF    向量  BM25   题面
  ----------------------------------------------------------------------------------------
  q01   事实        1     4     4   北京北辰实业股份有限公司的董事会由几名董事组成？其中独立董事几名？
  q02   事实        3     3     6   北辰实业的董事任期是几年？届满后可以连任吗？
  q03   事实        2     3     2   北辰实业公司章程对党组织设置和党委书记任职是怎么规定的？
  q04   事实        1     1     2   上海龙旗科技股份有限公司的董事会由几名董事组成？构成是怎样的？
  q05   事实      >20   >20   >20   广东新宝电器股份有限公司的董事会和审计委员会分别由多少人组成？
  q06   对比        1     1     1   北辰实业、新宝股份、龙旗科技三家公司章程里写的注册资本分别是多少？
  q07   转述        1     1     1   如果一家公司的法定代表人辞职了，公司最迟要在多久之内确定新的法定代表人？
  q08   事实        7     2    12   华致酒行的内部控制制度中，内部控制的目标包括哪几项？
  q09   事实      >20   >20   >20   华致酒行规定，公司建立与实施有效的内部控制包括哪些基本要素？
  q10   事实      >20   >20   >20   金诚信的内部控制管理制度规定，公司内部控制制度包括哪些基本要素？
  q11   对比      >20   >20   >20   华致酒行和金诚信两家在各自的制度里，内部控制的基本要素分别有几项？
  q12   事实      >20   >20   >20   金诚信的内部控制管理制度对内部控制检查工作资料的保存期限是怎么规定的？
  q13   多跳        2     2     1   金诚信规定，内部控制检查工作报告多久要提交一次，由哪个机构提交给谁？
  q14   事实        2     3     1   华致酒行的年度内部控制评价报告要经过什么程序才能提交董事会审议？
  q15   事实        1     1     1   华致酒行在反舞弊和举报方面要求建立哪些制度？
  q16   事实        2     5     1   金诚信对委托理财的审批权限有什么特别限制？
  q17   事实        1     1     1   长川科技的A股年度报告、中期报告、季度报告分别要在什么期限内编制完成并披露？
  q18   事实        2     1     1   长川科技规定，公司预计年度经营业绩或者财务状况出现哪些情形时应当进行业绩预告？
  q19   事实        5     7     2   君逸数码的信息披露文件及公告需要保存多久？
  q20   事实        1     1     1   君逸数码对自愿性信息披露设置了什么金额门槛？
  q21   事实        5    12     1   君逸数码规定，暂缓披露的信息应当符合哪些条件？
  q22   流程        1     3     1   君逸数码的暂缓、豁免披露要经过怎样的内部审核流程？
  q23   事实        1     5     1   长川科技规定，谁是信息披露工作的第一责任人，谁是主要责任人？
  q24   事实        1     2     2   长川科技的信息披露事务管理部门是哪个部门？
  q25   转述        2     8     1   如果公司的一个主要债务人已经资不抵债、进入破产程序，而公司没有为这笔债权提取足够的坏账准
  q26   转述      >20   >20   >20   如果一家上市公司的董事长因为生病连续三个月没法正常工作，这件事要不要披露？
  q27   转述        1     1     1   上市公司的半年度报告一般不需要审计，什么情况下就必须审计？
  ----------------------------------------------------------------------------------------
  RRF融合    中位数=1　K=3:67%  K=5:74%  K=8:78%  K=12:78%  K=20:78%　（20块还不够 6 条）
  纯向量      中位数=2　K=3:56%  K=5:67%  K=8:74%  K=12:78%  K=20:78%　（20块还不够 6 条）
  纯BM25    中位数=1　K=3:67%  K=5:70%  K=8:74%  K=12:78%  K=20:78%　（20块还不够 6 条）

================================================================================================
把 TOP_K 从 3 调大，能救回哪些题（覆盖率从 <1 变成 1）
================================================================================================
  q19 [事实]  K=3 → 5 可答全　君逸数码的信息披露文件及公告需要保存多久？
  q21 [事实]  K=3 → 5 可答全　君逸数码规定，暂缓披露的信息应当符合哪些条件？
  q08 [事实]  K=3 → 7 可答全　华致酒行的内部控制制度中，内部控制的目标包括哪几项？

  调大 K 也救不回来的（6 条）—— 这些是**别的病**，不是 TOP_K 的问题：
    q05 [事实]  广东新宝电器股份有限公司的董事会和审计委员会分别由多少人组成？
    q09 [事实]  华致酒行规定，公司建立与实施有效的内部控制包括哪些基本要素？
    q10 [事实]  金诚信的内部控制管理制度规定，公司内部控制制度包括哪些基本要素？
    q11 [对比]  华致酒行和金诚信两家在各自的制度里，内部控制的基本要素分别有几项？
    q12 [事实]  金诚信的内部控制管理制度对内部控制检查工作资料的保存期限是怎么规定的？
    q26 [转述]  如果一家上市公司的董事长因为生病连续三个月没法正常工作，这件事要不要披露？

明细已落盘：C:\Users\A\WorkBuddy\2026-09-18-14-19-51\_smoke_corpus\scan_topk_result.json
