================================================================================================
阶段一：TOP_K 召回上限扫描（不调大模型，零成本）
================================================================================================
  语料      458 块
  评测集    30 条（正例 27，负例 3 不参与）
  候选深度  K_MAX = 20
------------------------------------------------------------------------------------------------
  BM25 就绪：{'docs': 458, 'terms': 4767, 'avg_len': 207.4, 'k1': 1.5, 'b': 0.75}　预热 3.2s
------------------------------------------------------------------------------------------------
  可达性检查：参考答案的要点能否在语料里找到
  id      要点数   不可达   被剔掉的要点（语料里找不到 = 出题时加了原文没有的字）
  ------------------------------------------------------------------------------------------
  q01       2     0   
  q02       2     0   
  q03       3     0   
  q04       2     0   
  q05       3     0   
  q06       3     0   
  q07       2     1   三家公司章程均有此条（龙旗科技章程写作「30日」，北
  q08       6     1   共五项：
  q09       1     1   包括五个基本要素：内部环境、风险评估、控制活动、信息
  q10       1     1   包括八项基本要素：目标设定、内部环境、风险确认、风险
  q11       2     2   华致酒行的《内部控制制度》规定为五项：内部环境、风险；金诚信的《内部控制管理制度》规定为八项：目标设定、内
  q12       1     0   
  q13       1     0   
  q14       1     0   
  q15       2     0   
  q16       1     0   
  q17       3     0   
  q18       7     1   六种情形：
  q19       2     0   
  q20       2     0   
  q21       4     1   三个条件：
  q22       4     0   
  q23       1     0   
  q24       1     0   
  q25       3     2   需要公告；长川科技与君逸数码的信披制度均列明了该情形
  q26       4     1   属于重大事件：「董事或者经理发生变动
  q27       3     1   有下列情形之一的必须审计：
  ------------------------------------------------------------------------------------------
  合计 67 个要点，其中 12 个（18%）语料里不存在，已剔出分母
  ⇒ 这 18% 就是参考答案相对语料的「不忠实度」。ragas 的 context_recall 拿同一份 reference 打分，也会被这部分拉低。

[embed_store] 加载模型 BAAI/bge-small-zh-v1.5（命中本地缓存，不联网）
Loading weights:   0%|          | 0/71 [00:00<?, ?it/s]Loading weights: 100%|██████████| 71/71 [00:00<00:00, 852.23it/s]
  [1/27] q01 [事实] rrf=75ms
  [2/27] q02 [事实] rrf=63ms
  [3/27] q03 [事实] rrf=77ms
  [4/27] q04 [事实] rrf=63ms
  [5/27] q05 [事实] rrf=67ms
  [6/27] q06 [对比] rrf=69ms
  [7/27] q07 [转述] rrf=61ms
  [8/27] q08 [事实] rrf=60ms
  [9/27] q09 [事实] rrf=71ms
  [10/27] q10 [事实] rrf=61ms
  [11/27] q11 [对比] rrf=73ms
  [12/27] q12 [事实] rrf=65ms
  [13/27] q13 [多跳] rrf=61ms
  [14/27] q14 [事实] rrf=62ms
  [15/27] q15 [事实] rrf=56ms
  [16/27] q16 [事实] rrf=54ms
  [17/27] q17 [事实] rrf=133ms
  [18/27] q18 [事实] rrf=72ms
  [19/27] q19 [事实] rrf=48ms
  [20/27] q20 [事实] rrf=51ms
  [21/27] q21 [事实] rrf=57ms
  [22/27] q22 [流程] rrf=56ms
  [23/27] q23 [事实] rrf=63ms
  [24/27] q24 [事实] rrf=68ms
  [25/27] q25 [转述] rrf=74ms
  [26/27] q26 [转述] rrf=60ms
  [27/27] q27 [转述] rrf=55ms
------------------------------------------------------------------------------------------------
  检索完成，总用时 7.9s

================================================================================================
逐条明细（★ = 期望文档的块；序号 = 融合名次）
================================================================================================
  q01 [事实] 期望=北辰实业　要点 2 个
      1★北辰 2★北辰 3★北辰 4★北辰 5★北辰 6★北辰 7★北辰 8★北辰 9★北辰 10★北辰 11★北辰 12·新宝 13★北辰 14·龙旗 15★北辰 16★北辰 17·龙旗 18★北辰 19★北辰 20·龙旗
  q02 [事实] 期望=北辰实业　要点 2 个
      1★北辰 2★北辰 3★北辰 4★北辰 5★北辰 6★北辰 7·龙旗 8·龙旗 9★北辰 10★北辰 11★北辰 12★北辰 13·龙旗 14★北辰 15★北辰 16·新宝 17★北辰 18·新宝 19·新宝 20★北辰
  q03 [事实] 期望=北辰实业　要点 3 个
      1★北辰 2★北辰 3★北辰 4★北辰 5★北辰 6★北辰 7★北辰 8★北辰 9★北辰 10·新宝 11·龙旗 12★北辰 13★北辰 14·龙旗 15★北辰 16·新宝 17★北辰 18★北辰 19★北辰 20·新宝
  q04 [事实] 期望=龙旗科技　要点 2 个
      1★龙旗 2★龙旗 3★龙旗 4★龙旗 5★龙旗 6★龙旗 7★龙旗 8★龙旗 9★龙旗 10★龙旗 11★龙旗 12★龙旗 13★龙旗 14★龙旗 15★龙旗 16★龙旗 17★龙旗 18★龙旗 19★龙旗 20★龙旗
  q05 [事实] 期望=　要点 3 个
      1★新宝 2★新宝 3★新宝 4★新宝 5★新宝 6★新宝 7★新宝 8★新宝 9★新宝 10★新宝 11★新宝 12★新宝 13★新宝 14★新宝 15★新宝 16★新宝 17★新宝 18★新宝 19★新宝 20★新宝
  q06 [对比] 期望=北辰实业,新宝股份,龙旗科技　要点 3 个
      1★北辰 2★北辰 3★龙旗 4★新宝 5★龙旗 6★龙旗 7★龙旗 8★龙旗 9★龙旗 10★北辰 11★新宝 12★北辰 13★北辰 14★北辰 15★北辰 16★龙旗 17★北辰 18★北辰 19★新宝 20★北辰
  q07 [转述] 期望=北辰实业,新宝股份,龙旗科技　要点 1 个
      1★北辰 2★北辰 3★龙旗 4★新宝 5★新宝 6★新宝 7★龙旗 8★北辰 9★新宝 10★北辰 11★新宝 12★北辰 13·金诚 14★北辰 15★龙旗 16★新宝 17·金诚 18★北辰 19★北辰 20★龙旗
  q08 [事实] 期望=华致酒行　要点 5 个
      1★华致 2★华致 3★华致 4★华致 5★华致 6★华致 7★华致 8★华致 9★华致 10★华致 11★华致 12★华致 13★华致 14★华致 15·金诚 16★华致 17★华致 18★华致 19★华致 20★华致
  q09 [事实] 期望=华致酒行　要点 0 个
      1★华致 2★华致 3★华致 4★华致 5★华致 6★华致 7★华致 8★华致 9★华致 10★华致 11★华致 12★华致 13★华致 14★华致 15★华致 16★华致 17★华致 18·金诚 19★华致 20★华致
  q10 [事实] 期望=金诚信　要点 0 个
      1★金诚 2★金诚 3★金诚 4★金诚 5★金诚 6★金诚 7★金诚 8★金诚 9★金诚 10★金诚 11★金诚 12★金诚 13·华致 14·华致 15★金诚 16★金诚 17★金诚 18★金诚 19·华致 20★金诚
  q11 [对比] 期望=华致酒行,金诚信　要点 0 个
      1★华致 2★华致 3★华致 4★华致 5★华致 6★华致 7★华致 8★华致 9★华致 10★华致 11★华致 12★华致 13★华致 14★金诚 15★华致 16★华致 17★华致 18★金诚 19★华致 20★华致
  q12 [事实] 期望=金诚信　要点 1 个
      1★金诚 2★金诚 3★金诚 4★金诚 5★金诚 6★金诚 7★金诚 8★金诚 9★金诚 10★金诚 11·华致 12★金诚 13★金诚 14★金诚 15★金诚 16★金诚 17·北辰 18★金诚 19★金诚 20★金诚
  q13 [多跳] 期望=金诚信　要点 1 个
      1★金诚 2★金诚 3★金诚 4★金诚 5★金诚 6★金诚 7★金诚 8★金诚 9★金诚 10★金诚 11★金诚 12★金诚 13★金诚 14★金诚 15·北辰 16★金诚 17★金诚 18·新宝 19·华致 20★金诚
  q14 [事实] 期望=华致酒行　要点 1 个
      1★华致 2★华致 3★华致 4★华致 5★华致 6★华致 7★华致 8★华致 9★华致 10·金诚 11★华致 12★华致 13★华致 14★华致 15★华致 16★华致 17·金诚 18★华致 19★华致 20·新宝
  q15 [事实] 期望=华致酒行　要点 2 个
      1★华致 2★华致 3★华致 4★华致 5★华致 6★华致 7★华致 8★华致 9★华致 10★华致 11★华致 12★华致 13★华致 14★华致 15★华致 16★华致 17★华致 18★华致 19★华致 20·君逸
  q16 [事实] 期望=金诚信　要点 1 个
      1★金诚 2★金诚 3★金诚 4★金诚 5★金诚 6★金诚 7★金诚 8★金诚 9★金诚 10★金诚 11★金诚 12★金诚 13·龙旗 14·北辰 15★金诚 16★金诚 17·龙旗 18★金诚 19·新宝 20·北辰
  q17 [事实] 期望=长川科技　要点 3 个
      1★长川 2★长川 3★长川 4★长川 5★长川 6★长川 7·君逸 8★长川 9·君逸 10·新宝 11★长川 12·龙旗 13★长川 14★长川 15·北辰 16★长川 17·君逸 18★长川 19★长川 20·君逸
  q18 [事实] 期望=长川科技　要点 6 个
      1★长川 2★长川 3★长川 4★长川 5★长川 6★长川 7★长川 8★长川 9·君逸 10★长川 11·君逸 12·君逸 13★长川 14★长川 15·君逸 16★长川 17★长川 18★长川 19★长川 20·君逸
  q19 [事实] 期望=君逸数码　要点 2 个
      1★君逸 2★君逸 3★君逸 4★君逸 5★君逸 6★君逸 7★君逸 8★君逸 9★君逸 10★君逸 11★君逸 12★君逸 13★君逸 14★君逸 15★君逸 16★君逸 17★君逸 18★君逸 19★君逸 20·长川
  q20 [事实] 期望=君逸数码　要点 2 个
      1★君逸 2★君逸 3★君逸 4★君逸 5★君逸 6★君逸 7★君逸 8★君逸 9★君逸 10★君逸 11·长川 12★君逸 13★君逸 14★君逸 15★君逸 16★君逸 17★君逸 18★君逸 19★君逸 20★君逸
  q21 [事实] 期望=君逸数码　要点 3 个
      1★君逸 2★君逸 3★君逸 4★君逸 5★君逸 6★君逸 7★君逸 8★君逸 9★君逸 10★君逸 11★君逸 12★君逸 13★君逸 14★君逸 15★君逸 16★君逸 17★君逸 18★君逸 19★君逸 20★君逸
  q22 [流程] 期望=君逸数码　要点 4 个
      1★君逸 2★君逸 3★君逸 4★君逸 5★君逸 6★君逸 7★君逸 8★君逸 9★君逸 10★君逸 11★君逸 12★君逸 13★君逸 14★君逸 15★君逸 16★君逸 17★君逸 18★君逸 19★君逸 20★君逸
  q23 [事实] 期望=长川科技　要点 1 个
      1★长川 2★长川 3★长川 4★长川 5★长川 6★长川 7★长川 8★长川 9·君逸 10★长川 11★长川 12·君逸 13★长川 14·君逸 15·君逸 16★长川 17·君逸 18★长川 19·君逸 20★长川
  q24 [事实] 期望=长川科技　要点 1 个
      1★长川 2★长川 3★长川 4★长川 5★长川 6★长川 7★长川 8★长川 9★长川 10·华致 11·君逸 12·君逸 13★长川 14·君逸 15★长川 16·君逸 17★长川 18·君逸 19★长川 20★长川
  q25 [转述] 期望=长川科技,君逸数码　要点 1 个
      1·龙旗 2★君逸 3★君逸 4·北辰 5·北辰 6·龙旗 7·新宝 8★长川 9·北辰 10·新宝 11·北辰 12·北辰 13·北辰 14·北辰 15·龙旗 16·龙旗 17·北辰 18★君逸 19·新宝 20·金诚
  q26 [转述] 期望=长川科技,君逸数码　要点 3 个
      1★长川 2·北辰 3★君逸 4★长川 5★长川 6★长川 7★君逸 8★长川 9·新宝 10★长川 11★君逸 12·新宝 13★长川 14·新宝 15★君逸 16★长川 17·龙旗 18★君逸 19·新宝 20★长川
  q27 [转述] 期望=长川科技,君逸数码　要点 2 个
      1★君逸 2★长川 3★长川 4·北辰 5★君逸 6★君逸 7·北辰 8★长川 9·北辰 10·? 11·龙旗 12★君逸 13·龙旗 14★君逸 15·龙旗 16★长川 17·新宝 18·北辰 19·新宝 20★君逸

================================================================================================
平均要点覆盖率 @K（27 条正例均值，只算语料里可达的要点）
================================================================================================
    K      RRF融合       纯向量     纯BM25        RRF仅期望文档   曲线
  ----------------------------------------------------------------------------------------
    1     0.4722    0.3403    0.5903          0.4722   ████████████████
    2     0.7361    0.4896    0.7569          0.7361   █████████████████████████
    3     0.7778    0.6458    0.7778          0.7778   ██████████████████████████
    4     0.7778    0.7083    0.8194          0.7778   ██████████████████████████
    5     0.8750    0.7917    0.8194          0.8750   █████████████████████████████
    6     0.8750    0.7917    0.8611          0.8750   █████████████████████████████
    7     0.9306    0.8333    0.8611          0.9306   ███████████████████████████████
    8     0.9306    0.8750    0.8750          0.9306   ███████████████████████████████
    9     0.9306    0.8889    0.8750          0.9306   ███████████████████████████████
   10     0.9306    0.8889    0.8750          0.9306   ███████████████████████████████
   11     0.9306    0.9028    0.8750          0.9306   ███████████████████████████████
   12     0.9306    0.9444    0.9167          0.9306   ███████████████████████████████
   13     0.9306    0.9444    0.9167          0.9306   ███████████████████████████████
   14     0.9306    0.9444    0.9167          0.9306   ███████████████████████████████
   15     0.9306    0.9444    0.9167          0.9306   ███████████████████████████████
   16     0.9444    0.9444    0.9167          0.9444   ████████████████████████████████
   17     0.9444    0.9444    0.9167          0.9444   ████████████████████████████████
   18     0.9444    0.9444    0.9167          0.9444   ████████████████████████████████
   19     0.9583    0.9444    0.9167          0.9583   ████████████████████████████████
   20     0.9583    0.9444    0.9167          0.9583   ████████████████████████████████

================================================================================================
独立信号：单个块与参考答案的最长公共子串长度（看「命中有多实」）
================================================================================================
  id     top-1  top-2  top-3    gt长度   判定
  ----------------------------------------------------------------------------------------
Traceback (most recent call last):
  File "C:\Users\A\WorkBuddy\2026-09-18-14-19-51\_smoke_corpus\scan_topk.py", line 373, in <module>
    main()
  File "C:\Users\A\WorkBuddy\2026-09-18-14-19-51\_smoke_corpus\scan_topk.py", line 291, in main
    gt = row["ground_truth"]
         ~~~^^^^^^^^^^^^^^^^
KeyError: 'ground_truth'
