============================================================================================
阶段一：TOP_K 召回上限扫描（不调大模型，零成本）
============================================================================================
  语料      458 块　（9 个文件）
  评测集    30 条（正例 27，负例 3 不参与）
  候选深度  K_MAX = 20（向量 + BM25 各取 20，RRF 融合后取 20）
  判据      参考答案切成要点，长要点按 12 字滑窗匹配
--------------------------------------------------------------------------------------------
  BM25 索引就绪：{'docs': 458, 'terms': 4767, 'avg_len': 207.4, 'k1': 1.5, 'b': 0.75}　预热用时 3.6s
--------------------------------------------------------------------------------------------
[embed_store] 加载模型 BAAI/bge-small-zh-v1.5（命中本地缓存，不联网）
Loading weights:   0%|          | 0/71 [00:00<?, ?it/s]Loading weights:  11%|█▏        | 8/71 [00:00<00:00, 70.23it/s]Loading weights:  23%|██▎       | 16/71 [00:00<00:00, 74.76it/s]Loading weights: 100%|██████████| 71/71 [00:00<00:00, 316.81it/s]
  [1/27] q01 [事实] keys=2 期望=北辰实业　vec=1798ms bm25=4ms rrf=52ms
  [2/27] q02 [事实] keys=2 期望=北辰实业　vec=61ms bm25=5ms rrf=68ms
  [3/27] q03 [事实] keys=3 期望=北辰实业　vec=61ms bm25=5ms rrf=56ms
  [4/27] q04 [事实] keys=2 期望=龙旗科技　vec=51ms bm25=4ms rrf=56ms
  [5/27] q05 [事实] keys=3 期望=不限　vec=51ms bm25=10ms rrf=58ms
  [6/27] q06 [对比] keys=3 期望=北辰实业,新宝股份,龙旗科技　vec=54ms bm25=6ms rrf=65ms
  [7/27] q07 [转述] keys=2 期望=北辰实业,新宝股份,龙旗科技　vec=62ms bm25=5ms rrf=76ms
  [8/27] q08 [事实] keys=6 期望=华致酒行　vec=62ms bm25=6ms rrf=71ms
  [9/27] q09 [事实] keys=1 期望=华致酒行　vec=49ms bm25=4ms rrf=61ms
  [10/27] q10 [事实] keys=1 期望=金诚信　vec=68ms bm25=6ms rrf=66ms
  [11/27] q11 [对比] keys=2 期望=华致酒行,金诚信　vec=57ms bm25=4ms rrf=56ms
  [12/27] q12 [事实] keys=1 期望=金诚信　vec=52ms bm25=8ms rrf=67ms
  [13/27] q13 [多跳] keys=1 期望=金诚信　vec=54ms bm25=3ms rrf=64ms
  [14/27] q14 [事实] keys=1 期望=华致酒行　vec=51ms bm25=4ms rrf=63ms
  [15/27] q15 [事实] keys=2 期望=华致酒行　vec=50ms bm25=3ms rrf=63ms
  [16/27] q16 [事实] keys=1 期望=金诚信　vec=63ms bm25=5ms rrf=73ms
  [17/27] q17 [事实] keys=3 期望=长川科技　vec=57ms bm25=5ms rrf=76ms
  [18/27] q18 [事实] keys=7 期望=长川科技　vec=64ms bm25=4ms rrf=60ms
  [19/27] q19 [事实] keys=2 期望=君逸数码　vec=51ms bm25=3ms rrf=55ms
  [20/27] q20 [事实] keys=2 期望=君逸数码　vec=51ms bm25=5ms rrf=52ms
  [21/27] q21 [事实] keys=4 期望=君逸数码　vec=49ms bm25=4ms rrf=50ms
  [22/27] q22 [流程] keys=4 期望=君逸数码　vec=48ms bm25=3ms rrf=56ms
  [23/27] q23 [事实] keys=1 期望=长川科技　vec=55ms bm25=5ms rrf=58ms
  [24/27] q24 [事实] keys=1 期望=长川科技　vec=66ms bm25=6ms rrf=68ms
  [25/27] q25 [转述] keys=3 期望=长川科技,君逸数码　vec=83ms bm25=6ms rrf=91ms
  [26/27] q26 [转述] keys=4 期望=不限　vec=79ms bm25=7ms rrf=58ms
  [27/27] q27 [转述] keys=3 期望=不限　vec=59ms bm25=4ms rrf=61ms
--------------------------------------------------------------------------------------------
  检索全部完成，用时 8.8s

============================================================================================
逐条明细（★ = 期望文档的块；K 从 1 开始）
============================================================================================
  q01 [事实] 期望=北辰实业
      融合排序： 1★北辰实业 2★北辰实业 3★北辰实业 4★北辰实业 5★北辰实业 6★北辰实业 7★北辰实业 8★北辰实业 9★北辰实业 10★北辰实业 11★北辰实业 12　新宝股份 13★北辰实业 14　龙旗科技 15★北辰实业 16★北辰实业 17　龙旗科技 18★北辰实业 19★北辰实业 20　龙旗科技
      问题：北京北辰实业股份有限公司的董事会由几名董事组成？其中独立董事几名？
  q02 [事实] 期望=北辰实业
      融合排序： 1★北辰实业 2★北辰实业 3★北辰实业 4★北辰实业 5★北辰实业 6★北辰实业 7　龙旗科技 8　龙旗科技 9★北辰实业 10★北辰实业 11★北辰实业 12★北辰实业 13　龙旗科技 14★北辰实业 15★北辰实业 16　新宝股份 17★北辰实业 18　新宝股份 19　新宝股份 20★北辰实业
      问题：北辰实业的董事任期是几年？届满后可以连任吗？
  q03 [事实] 期望=北辰实业
      融合排序： 1★北辰实业 2★北辰实业 3★北辰实业 4★北辰实业 5★北辰实业 6★北辰实业 7★北辰实业 8★北辰实业 9★北辰实业 10　新宝股份 11　龙旗科技 12★北辰实业 13★北辰实业 14　龙旗科技 15★北辰实业 16　新宝股份 17★北辰实业 18★北辰实业 19★北辰实业 20　新宝股份
      问题：北辰实业公司章程对党组织设置和党委书记任职是怎么规定的？
  q04 [事实] 期望=龙旗科技
      融合排序： 1★龙旗科技 2★龙旗科技 3★龙旗科技 4★龙旗科技 5★龙旗科技 6★龙旗科技 7★龙旗科技 8★龙旗科技 9★龙旗科技 10★龙旗科技 11★龙旗科技 12★龙旗科技 13★龙旗科技 14★龙旗科技 15★龙旗科技 16★龙旗科技 17★龙旗科技 18★龙旗科技 19★龙旗科技 20★龙旗科技
      问题：上海龙旗科技股份有限公司的董事会由几名董事组成？构成是怎样的？
  q05 [事实] 期望=不限
      融合排序： 1★新宝股份 2★新宝股份 3★新宝股份 4★新宝股份 5★新宝股份 6★新宝股份 7★新宝股份 8★新宝股份 9★新宝股份 10★新宝股份 11★新宝股份 12★新宝股份 13★新宝股份 14★新宝股份 15★新宝股份 16★新宝股份 17★新宝股份 18★新宝股份 19★新宝股份 20★新宝股份
      问题：广东新宝电器股份有限公司的董事会和审计委员会分别由多少人组成？
  q06 [对比] 期望=北辰实业,新宝股份,龙旗科技
      融合排序： 1★北辰实业 2★北辰实业 3★龙旗科技 4★新宝股份 5★龙旗科技 6★龙旗科技 7★龙旗科技 8★龙旗科技 9★龙旗科技 10★北辰实业 11★新宝股份 12★北辰实业 13★北辰实业 14★北辰实业 15★北辰实业 16★龙旗科技 17★北辰实业 18★北辰实业 19★新宝股份 20★北辰实业
      问题：北辰实业、新宝股份、龙旗科技三家公司章程里写的注册资本分别是多少？
  q07 [转述] 期望=北辰实业,新宝股份,龙旗科技
      融合排序： 1★北辰实业 2★北辰实业 3★龙旗科技 4★新宝股份 5★新宝股份 6★新宝股份 7★龙旗科技 8★北辰实业 9★新宝股份 10★北辰实业 11★新宝股份 12★北辰实业 13　金诚信 14★北辰实业 15★龙旗科技 16★新宝股份 17　金诚信 18★北辰实业 19★北辰实业 20★龙旗科技
      问题：如果一家公司的法定代表人辞职了，公司最迟要在多久之内确定新的法定代表人？
  q08 [事实] 期望=华致酒行
      融合排序： 1★华致酒行 2★华致酒行 3★华致酒行 4★华致酒行 5★华致酒行 6★华致酒行 7★华致酒行 8★华致酒行 9★华致酒行 10★华致酒行 11★华致酒行 12★华致酒行 13★华致酒行 14★华致酒行 15　金诚信 16★华致酒行 17★华致酒行 18★华致酒行 19★华致酒行 20★华致酒行
      问题：华致酒行的内部控制制度中，内部控制的目标包括哪几项？
  q09 [事实] 期望=华致酒行
      融合排序： 1★华致酒行 2★华致酒行 3★华致酒行 4★华致酒行 5★华致酒行 6★华致酒行 7★华致酒行 8★华致酒行 9★华致酒行 10★华致酒行 11★华致酒行 12★华致酒行 13★华致酒行 14★华致酒行 15★华致酒行 16★华致酒行 17★华致酒行 18　金诚信 19★华致酒行 20★华致酒行
      问题：华致酒行规定，公司建立与实施有效的内部控制包括哪些基本要素？
  q10 [事实] 期望=金诚信
      融合排序： 1★金诚信 2★金诚信 3★金诚信 4★金诚信 5★金诚信 6★金诚信 7★金诚信 8★金诚信 9★金诚信 10★金诚信 11★金诚信 12★金诚信 13　华致酒行 14　华致酒行 15★金诚信 16★金诚信 17★金诚信 18★金诚信 19　华致酒行 20★金诚信
      问题：金诚信的内部控制管理制度规定，公司内部控制制度包括哪些基本要素？
  q11 [对比] 期望=华致酒行,金诚信
      融合排序： 1★华致酒行 2★华致酒行 3★华致酒行 4★华致酒行 5★华致酒行 6★华致酒行 7★华致酒行 8★华致酒行 9★华致酒行 10★华致酒行 11★华致酒行 12★华致酒行 13★华致酒行 14★金诚信 15★华致酒行 16★华致酒行 17★华致酒行 18★金诚信 19★华致酒行 20★华致酒行
      问题：华致酒行和金诚信两家在各自的制度里，内部控制的基本要素分别有几项？
  q12 [事实] 期望=金诚信
      融合排序： 1★金诚信 2★金诚信 3★金诚信 4★金诚信 5★金诚信 6★金诚信 7★金诚信 8★金诚信 9★金诚信 10★金诚信 11　华致酒行 12★金诚信 13★金诚信 14★金诚信 15★金诚信 16★金诚信 17　北辰实业 18★金诚信 19★金诚信 20★金诚信
      问题：金诚信的内部控制管理制度对内部控制检查工作资料的保存期限是怎么规定的？
  q13 [多跳] 期望=金诚信
      融合排序： 1★金诚信 2★金诚信 3★金诚信 4★金诚信 5★金诚信 6★金诚信 7★金诚信 8★金诚信 9★金诚信 10★金诚信 11★金诚信 12★金诚信 13★金诚信 14★金诚信 15　北辰实业 16★金诚信 17★金诚信 18　新宝股份 19　华致酒行 20★金诚信
      问题：金诚信规定，内部控制检查工作报告多久要提交一次，由哪个机构提交给谁？
  q14 [事实] 期望=华致酒行
      融合排序： 1★华致酒行 2★华致酒行 3★华致酒行 4★华致酒行 5★华致酒行 6★华致酒行 7★华致酒行 8★华致酒行 9★华致酒行 10　金诚信 11★华致酒行 12★华致酒行 13★华致酒行 14★华致酒行 15★华致酒行 16★华致酒行 17　金诚信 18★华致酒行 19★华致酒行 20　新宝股份
      问题：华致酒行的年度内部控制评价报告要经过什么程序才能提交董事会审议？
  q15 [事实] 期望=华致酒行
      融合排序： 1★华致酒行 2★华致酒行 3★华致酒行 4★华致酒行 5★华致酒行 6★华致酒行 7★华致酒行 8★华致酒行 9★华致酒行 10★华致酒行 11★华致酒行 12★华致酒行 13★华致酒行 14★华致酒行 15★华致酒行 16★华致酒行 17★华致酒行 18★华致酒行 19★华致酒行 20　君逸数码
      问题：华致酒行在反舞弊和举报方面要求建立哪些制度？
  q16 [事实] 期望=金诚信
      融合排序： 1★金诚信 2★金诚信 3★金诚信 4★金诚信 5★金诚信 6★金诚信 7★金诚信 8★金诚信 9★金诚信 10★金诚信 11★金诚信 12★金诚信 13　龙旗科技 14　北辰实业 15★金诚信 16★金诚信 17　龙旗科技 18★金诚信 19　新宝股份 20　北辰实业
      问题：金诚信对委托理财的审批权限有什么特别限制？
  q17 [事实] 期望=长川科技
      融合排序： 1★长川科技 2★长川科技 3★长川科技 4★长川科技 5★长川科技 6★长川科技 7　君逸数码 8★长川科技 9　君逸数码 10　新宝股份 11★长川科技 12　龙旗科技 13★长川科技 14★长川科技 15　北辰实业 16★长川科技 17　君逸数码 18★长川科技 19★长川科技 20　君逸数码
      问题：长川科技的A股年度报告、中期报告、季度报告分别要在什么期限内编制完成并披露？
  q18 [事实] 期望=长川科技
      融合排序： 1★长川科技 2★长川科技 3★长川科技 4★长川科技 5★长川科技 6★长川科技 7★长川科技 8★长川科技 9　君逸数码 10★长川科技 11　君逸数码 12　君逸数码 13★长川科技 14★长川科技 15　君逸数码 16★长川科技 17★长川科技 18★长川科技 19★长川科技 20　君逸数码
      问题：长川科技规定，公司预计年度经营业绩或者财务状况出现哪些情形时应当进行业绩预告？
  q19 [事实] 期望=君逸数码
      融合排序： 1★君逸数码 2★君逸数码 3★君逸数码 4★君逸数码 5★君逸数码 6★君逸数码 7★君逸数码 8★君逸数码 9★君逸数码 10★君逸数码 11★君逸数码 12★君逸数码 13★君逸数码 14★君逸数码 15★君逸数码 16★君逸数码 17★君逸数码 18★君逸数码 19★君逸数码 20　长川科技
      问题：君逸数码的信息披露文件及公告需要保存多久？
  q20 [事实] 期望=君逸数码
      融合排序： 1★君逸数码 2★君逸数码 3★君逸数码 4★君逸数码 5★君逸数码 6★君逸数码 7★君逸数码 8★君逸数码 9★君逸数码 10★君逸数码 11　长川科技 12★君逸数码 13★君逸数码 14★君逸数码 15★君逸数码 16★君逸数码 17★君逸数码 18★君逸数码 19★君逸数码 20★君逸数码
      问题：君逸数码对自愿性信息披露设置了什么金额门槛？
  q21 [事实] 期望=君逸数码
      融合排序： 1★君逸数码 2★君逸数码 3★君逸数码 4★君逸数码 5★君逸数码 6★君逸数码 7★君逸数码 8★君逸数码 9★君逸数码 10★君逸数码 11★君逸数码 12★君逸数码 13★君逸数码 14★君逸数码 15★君逸数码 16★君逸数码 17★君逸数码 18★君逸数码 19★君逸数码 20★君逸数码
      问题：君逸数码规定，暂缓披露的信息应当符合哪些条件？
  q22 [流程] 期望=君逸数码
      融合排序： 1★君逸数码 2★君逸数码 3★君逸数码 4★君逸数码 5★君逸数码 6★君逸数码 7★君逸数码 8★君逸数码 9★君逸数码 10★君逸数码 11★君逸数码 12★君逸数码 13★君逸数码 14★君逸数码 15★君逸数码 16★君逸数码 17★君逸数码 18★君逸数码 19★君逸数码 20★君逸数码
      问题：君逸数码的暂缓、豁免披露要经过怎样的内部审核流程？
  q23 [事实] 期望=长川科技
      融合排序： 1★长川科技 2★长川科技 3★长川科技 4★长川科技 5★长川科技 6★长川科技 7★长川科技 8★长川科技 9　君逸数码 10★长川科技 11★长川科技 12　君逸数码 13★长川科技 14　君逸数码 15　君逸数码 16★长川科技 17　君逸数码 18★长川科技 19　君逸数码 20★长川科技
      问题：长川科技规定，谁是信息披露工作的第一责任人，谁是主要责任人？
  q24 [事实] 期望=长川科技
      融合排序： 1★长川科技 2★长川科技 3★长川科技 4★长川科技 5★长川科技 6★长川科技 7★长川科技 8★长川科技 9★长川科技 10　华致酒行 11　君逸数码 12　君逸数码 13★长川科技 14　君逸数码 15★长川科技 16　君逸数码 17★长川科技 18　君逸数码 19★长川科技 20★长川科技
      问题：长川科技的信息披露事务管理部门是哪个部门？
  q25 [转述] 期望=长川科技,君逸数码
      融合排序： 1　龙旗科技 2★君逸数码 3★君逸数码 4　北辰实业 5　北辰实业 6　龙旗科技 7　新宝股份 8★长川科技 9　北辰实业 10　新宝股份 11　北辰实业 12　北辰实业 13　北辰实业 14　北辰实业 15　龙旗科技 16　龙旗科技 17　北辰实业 18★君逸数码 19　新宝股份 20　金诚信
      问题：如果公司的一个主要债务人已经资不抵债、进入破产程序，而公司没有为这笔债权提取足够的坏账准备，这件事要不要对外公告？
  q26 [转述] 期望=不限
      融合排序： 1★长川科技 2★北辰实业 3★君逸数码 4★长川科技 5★长川科技 6★长川科技 7★君逸数码 8★长川科技 9★新宝股份 10★长川科技 11★君逸数码 12★新宝股份 13★长川科技 14★新宝股份 15★君逸数码 16★长川科技 17★龙旗科技 18★君逸数码 19★新宝股份 20★长川科技
      问题：如果一家上市公司的董事长因为生病连续三个月没法正常工作，这件事要不要披露？
  q27 [转述] 期望=不限
      融合排序： 1★君逸数码 2★长川科技 3★长川科技 4★北辰实业 5★君逸数码 6★君逸数码 7★北辰实业 8★长川科技 9★北辰实业 10★? 11★龙旗科技 12★君逸数码 13★龙旗科技 14★君逸数码 15★龙旗科技 16★长川科技 17★新宝股份 18★北辰实业 19★新宝股份 20★君逸数码
      问题：上市公司的半年度报告一般不需要审计，什么情况下就必须审计？

============================================================================================
平均要点覆盖率 @K（27 条正例的均值；越接近 1 越好）
============================================================================================
    K       RRF融合         纯向量       纯BM25         RRF(仅期望文档)
  --------------------------------------------------------------------------
    1      0.3369      0.2169      0.4206             0.3369  █████████████
    2      0.5256      0.3311      0.5503             0.5256  █████████████████████
    3      0.5626      0.4700      0.5503             0.5626  ██████████████████████
    4      0.5626      0.5071      0.5873             0.5626  ██████████████████████
    5      0.6367      0.5811      0.5873             0.6367  █████████████████████████
    6      0.6367      0.5811      0.6243             0.6367  █████████████████████████
    7      0.6675      0.6182      0.6243             0.6675  ██████████████████████████
    8      0.6675      0.6305      0.6367             0.6675  ██████████████████████████
    9      0.6675      0.6398      0.6367             0.6675  ██████████████████████████
   10      0.6675      0.6398      0.6367             0.6675  ██████████████████████████
   11      0.6675      0.6398      0.6367             0.6675  ██████████████████████████
   12      0.6675      0.6675      0.6675             0.6675  ██████████████████████████
   13      0.6675      0.6675      0.6675             0.6675  ██████████████████████████
   14      0.6675      0.6675      0.6675             0.6675  ██████████████████████████
   15      0.6675      0.6675      0.6675             0.6675  ██████████████████████████
   16      0.6768      0.6675      0.6675             0.6768  ███████████████████████████
   17      0.6768      0.6675      0.6675             0.6768  ███████████████████████████
   18      0.6768      0.6675      0.6675             0.6768  ███████████████████████████
   19      0.6768      0.6675      0.6675             0.6768  ███████████████████████████
   20      0.6768      0.6675      0.6675             0.6768  ███████████████████████████

============================================================================================
每条题「要多少块才能答全」（coverage 首次达到 1.0 的名次；>20 = 20 块都不够）
============================================================================================
  id    type    RRF    向量  BM25   题面
  --------------------------------------------------------------------------------
  q01   事实        1     4     4   北京北辰实业股份有限公司的董事会由几名董事组成？其中独立董事几名？
  q02   事实        3     3     6   北辰实业的董事任期是几年？届满后可以连任吗？
  q03   事实        2     3     2   北辰实业公司章程对党组织设置和党委书记任职是怎么规定的？
  q04   事实      >20   >20   >20   上海龙旗科技股份有限公司的董事会由几名董事组成？构成是怎样的？
  q05   事实      >20   >20   >20   广东新宝电器股份有限公司的董事会和审计委员会分别由多少人组成？
  q06   对比      >20   >20   >20   北辰实业、新宝股份、龙旗科技三家公司章程里写的注册资本分别是多少？
  q07   转述      >20   >20   >20   如果一家公司的法定代表人辞职了，公司最迟要在多久之内确定新的法定代表人？
  q08   事实      >20   >20   >20   华致酒行的内部控制制度中，内部控制的目标包括哪几项？
  q09   事实      >20   >20   >20   华致酒行规定，公司建立与实施有效的内部控制包括哪些基本要素？
  q10   事实      >20   >20   >20   金诚信的内部控制管理制度规定，公司内部控制制度包括哪些基本要素？
  q11   对比      >20   >20   >20   华致酒行和金诚信两家在各自的制度里，内部控制的基本要素分别有几项？
  q12   事实      >20   >20   >20   金诚信的内部控制管理制度对内部控制检查工作资料的保存期限是怎么规定的？
  q13   多跳        2     2     1   金诚信规定，内部控制检查工作报告多久要提交一次，由哪个机构提交给谁？
  q14   事实        2     3     1   华致酒行的年度内部控制评价报告要经过什么程序才能提交董事会审议？
  q15   事实        1     1     1   华致酒行在反舞弊和举报方面要求建立哪些制度？
  q16   事实        2     5     1   金诚信对委托理财的审批权限有什么特别限制？
  q17   事实        1     1     1   长川科技的A股年度报告、中期报告、季度报告分别要在什么期限内编制完成并披露？
  q18   事实      >20   >20   >20   长川科技规定，公司预计年度经营业绩或者财务状况出现哪些情形时应当进行业绩预告？
  q19   事实        5     7     2   君逸数码的信息披露文件及公告需要保存多久？
  q20   事实        1     1     1   君逸数码对自愿性信息披露设置了什么金额门槛？
  q21   事实      >20   >20   >20   君逸数码规定，暂缓披露的信息应当符合哪些条件？
  q22   流程        1     3     1   君逸数码的暂缓、豁免披露要经过怎样的内部审核流程？
  q23   事实        1     5     1   长川科技规定，谁是信息披露工作的第一责任人，谁是主要责任人？
  q24   事实        1     2     2   长川科技的信息披露事务管理部门是哪个部门？
  q25   转述      >20   >20   >20   如果公司的一个主要债务人已经资不抵债、进入破产程序，而公司没有为这笔债权提取足够的坏
  q26   转述      >20   >20   >20   如果一家上市公司的董事长因为生病连续三个月没法正常工作，这件事要不要披露？
  q27   转述      >20   >20   >20   上市公司的半年度报告一般不需要审计，什么情况下就必须审计？
  --------------------------------------------------------------------------------
  RRF融合    中位数=1　覆盖率 K=3:44%  K=5:48%  K=8:48%  K=10:48%  K=20:48%　（20块还不够的有 14 条）
  纯向量      中位数=3　覆盖率 K=3:33%  K=5:44%  K=8:48%  K=10:48%  K=20:48%　（20块还不够的有 14 条）
  纯BM25    中位数=1　覆盖率 K=3:41%  K=5:44%  K=8:48%  K=10:48%  K=20:48%　（20块还不够的有 14 条）

============================================================================================
当前 config.TOP_K = 3 时，答不全的题（这些应当跟 K 变大而减少）
============================================================================================
  q04 [事实]  需要 >20 块（现在只给 3）
      上海龙旗科技股份有限公司的董事会由几名董事组成？构成是怎样的？
  q05 [事实]  需要 >20 块（现在只给 3）
      广东新宝电器股份有限公司的董事会和审计委员会分别由多少人组成？
  q06 [对比]  需要 >20 块（现在只给 3）
      北辰实业、新宝股份、龙旗科技三家公司章程里写的注册资本分别是多少？
  q07 [转述]  需要 >20 块（现在只给 3）
      如果一家公司的法定代表人辞职了，公司最迟要在多久之内确定新的法定代表人？
  q08 [事实]  需要 >20 块（现在只给 3）
      华致酒行的内部控制制度中，内部控制的目标包括哪几项？
  q09 [事实]  需要 >20 块（现在只给 3）
      华致酒行规定，公司建立与实施有效的内部控制包括哪些基本要素？
  q10 [事实]  需要 >20 块（现在只给 3）
      金诚信的内部控制管理制度规定，公司内部控制制度包括哪些基本要素？
  q11 [对比]  需要 >20 块（现在只给 3）
      华致酒行和金诚信两家在各自的制度里，内部控制的基本要素分别有几项？
  q12 [事实]  需要 >20 块（现在只给 3）
      金诚信的内部控制管理制度对内部控制检查工作资料的保存期限是怎么规定的？
  q18 [事实]  需要 >20 块（现在只给 3）
      长川科技规定，公司预计年度经营业绩或者财务状况出现哪些情形时应当进行业绩预告？
  q19 [事实]  需要 5 块（现在只给 3）
      君逸数码的信息披露文件及公告需要保存多久？
  q21 [事实]  需要 >20 块（现在只给 3）
      君逸数码规定，暂缓披露的信息应当符合哪些条件？
  q25 [转述]  需要 >20 块（现在只给 3）
      如果公司的一个主要债务人已经资不抵债、进入破产程序，而公司没有为这笔债权提取足够的坏账准备，这件事要不要对外公告？
  q26 [转述]  需要 >20 块（现在只给 3）
      如果一家上市公司的董事长因为生病连续三个月没法正常工作，这件事要不要披露？
  q27 [转述]  需要 >20 块（现在只给 3）
      上市公司的半年度报告一般不需要审计，什么情况下就必须审计？

明细已落盘：C:\Users\A\WorkBuddy\2026-09-18-14-19-51\_smoke_corpus\scan_topk_result.json

