文本缓存命中 paper_text_cache.json（7 份）

========================================================================================================
【1】结构：切点是否落在条款边界（CHUNK_SIZE=500  OVERLAP=80）
  文件                                              块数 现→条         块长 现→条       切点对齐     块首含条(参)
  ----------------------------------------------------------------------------------------------------
  002705_新宝股份_公司章程.pdf                       114 → 137      502 → 435         16.8%      75.0% → 5.4%
  300604_长川科技_信息披露管理制度.pdf                    27 → 33       504 → 431         11.5%      87.5% → 12.9%
  300755_华致酒行_内部控制制度.pdf                      19 → 23       499 → 431         33.3%      90.9% → 9.1%
  301172_君逸数码_信息披露管理制度.pdf                    50 → 58       509 → 453         20.4%      75.4% → 3.9%
  601588_北辰实业_公司章程.pdf                        99 → 124      505 → 424         21.4%      85.4% → 9.5%
  603341_龙旗科技_公司章程.pdf                       123 → 147      500 → 435         17.2%      72.6% → 5.0%
  603979_金诚信_内部控制管理制度.pdf                     23 → 27       506 → 447         36.4%      84.6% → 15.4%
  ----------------------------------------------------------------------------------------------------
  合计块数 455 → 549（+94，+20.7%）
  切点对齐率：现状 88/448 = 19.6%  →  条款版 426/542 = 78.6%

========================================================================================================
【2】每条题的答案能否落进同一个块（"检索一次就能答全"的必要条件）
  id    type     要点   可达 |     现状覆盖     条款覆盖 |     现状同块     条款同块
  ----------------------------------------------------------------------------------------------------
  q01   事实        5    5 |    1.000    1.000 |     5/5       5/5  
  q02   事实        1    1 |    1.000    1.000 |     1/1       1/1  
  q03   事实        5    5 |    1.000    1.000 |     5/5       5/5  
  q04   事实        4    4 |    1.000    1.000 |     4/4       4/4  
  q05   事实        7    7 |    0.571    0.571 |     4/7       4/7  
  q06   对比        3    3 |    0.333    0.333 |     1/3       1/3  
  q07   转述        3    1 |    1.000    1.000 |     1/1       1/1  
  q08   事实        7    6 |    1.000    1.000 |     6/6       6/6  
  q09   事实        1    0 |  n/a —— 可达要点为 0，无法用字面判据评估
  q10   事实        2    1 |    1.000    1.000 |     1/1       1/1  
  q11   对比        3    1 |    1.000    1.000 |     1/1       1/1  
  q12   事实        4    4 |    1.000    1.000 |     4/4       4/4  
  q13   多跳        1    1 |    1.000    1.000 |     1/1       1/1  
  q14   事实        2    2 |    1.000    1.000 |     2/2       2/2  
  q15   事实        7    5 |    1.000    1.000 |     5/5       5/5  
  q16   事实        2    2 |    1.000    1.000 |     2/2       2/2  
  q17   事实        4    4 |    1.000    1.000 |     4/4       4/4  
  q18   事实        7    6 |    1.000    1.000 |     6/6       6/6  
  q19   事实        2    2 |    1.000    1.000 |     2/2       2/2  
  q20   事实        6    5 |    1.000    1.000 |     5/5       5/5  
  q21   事实        3    3 |    1.000    1.000 |     3/3       3/3  
  q22   流程        8    5 |    1.000    1.000 |     5/5       5/5  
  q23   事实        3    3 |    1.000    1.000 |     3/3       3/3  
  q24   事实        2    2 |    1.000    1.000 |     2/2       2/2  
  q25   转述        3    2 |    1.000    1.000 |     2/2       2/2  
  q26   转述        5    2 |    0.500    0.500 |     1/2       1/2  
  q27   转述        3    3 |    1.000    1.000 |     3/3       3/3  
  ----------------------------------------------------------------------------------------------------
  26 条可评估正例的**平均最佳单块覆盖率**：0.9386 → 0.9386（+0.0000）
  **要点全部落进同一块**的题数：23/26 → 23/26
  变好 0 条 / 变平 26 条 / 变差 0 条

  总耗时 0.9s
